AN_ADDR Left ASTLeft[node]
AN_ADDR Left AllocNode(AN_GUIDCONST)
AN_ADDR Left CurASTNode
AN_ADDR Left ParseLValueAST(sa1, sa2)
AN_ADDR Left PyMakeIdent(ClassVarSym[i])
AN_ADDR Left RMakeIdent(symIdx)
AN_ADDR Left a2
AN_ADDR Left apNode
AN_ADDR Left destNode
AN_ADDR Left elemNode
AN_ADDR Left fieldNode
AN_ADDR Left identNode
AN_ADDR Left lv
AN_ADDR Left node
AN_ADDR Left operand
AN_ADDR Left policyNode
AN_ADDR Left valNode
AN_ALLOCA Left ASTLeft[argHead]
AN_ALLOCA Left idn
AN_ARG Left ASTLeft[ASTLeft[callNode]]
AN_ARG Left ASTLeft[currArg]
AN_ARG Left ASTLeft[lastArg]
AN_ARG Left ASTLeft[n]
AN_ARG Left ASTRight[node]
AN_ARG Left AllocNode(AN_IDENT)
AN_ARG Left AllocNode(AN_INT_LIT)
AN_ARG Left AllocNode(AN_STR_LIT)
AN_ARG Left CPromoteChar(valNode)
AN_ARG Left CloneAST(ASTLeft[ASTRight[ASTLeft[callNode]]])
AN_ARG Left CloneAST(objNode)
AN_ARG Left CloneAST(ppBaseVal)
AN_ARG Left CloneAST(ppExp)
AN_ARG Left CloneAST(rngA)
AN_ARG Left CloneAST(rngB)
AN_ARG Left CurASTNode
AN_ARG Left DefaultArgValueNode(dualPi, k + 1)
AN_ARG Left DefaultArgValueNode(mpi, i)
AN_ARG Left DefaultArgValueNode(mpi, k)
AN_ARG Left DefaultArgValueNode(mpi, nextSlot)
AN_ARG Left EParseExpr
AN_ARG Left GenMakeIdent(contSym, Syms[contSym].TypeKind)
AN_ARG Left GenMakeIdent(gIdx, tyPointer)
AN_ARG Left GenMakeIdent(oSym, tyInteger)
AN_ARG Left GenMakeIdent(symIdx, tk)
AN_ARG Left GenMakeIdent(symIdx, tyClass)
AN_ARG Left GenMakeSelfClassFieldNode(selfIdx, fOff, fLen)
AN_ARG Left MakeVarRecArrayFromArgs(tailHead)
AN_ARG Left PyBuildKeywordDictHere
AN_ARG Left PyComplexCoerce(a)
AN_ARG Left PyComplexCoerce(b)
AN_ARG Left PyComplexCoerce(ppBase)
AN_ARG Left PyComplexCoerce(ppExp)
AN_ARG Left PyDcDefaultNode(ci, kwDcBase, kwI)
AN_ARG Left PyForceVariant(ASTLeft[elemArg])
AN_ARG Left PyForceVariant(ASTLeft[excFoldN])
AN_ARG Left PyForceVariant(CurASTNode)
AN_ARG Left PyForceVariant(fld)
AN_ARG Left PyForceVariant(nameNode)
AN_ARG Left PyForceVariant(node)
AN_ARG Left PyForceVariant(op)
AN_ARG Left PyForceVariant(recvNode)
AN_ARG Left PyForceVariant(right)
AN_ARG Left PyForceVariant(tpObjNode)
AN_ARG Left PyForceVariant(valNode)
AN_ARG Left PyForceVariant(xNode)
AN_ARG Left PyMakeBuiltinTypeValue(12)
AN_ARG Left PyMakeIdent(Procs[procIdx].Params[0].SymIdx)
AN_ARG Left PyMakeIdent(baseSym)
AN_ARG Left PyMakeIdent(cSym)
AN_ARG Left PyMakeIdent(dcSyms[i])
AN_ARG Left PyMakeIdent(dictSym)
AN_ARG Left PyMakeIdent(dstSym)
AN_ARG Left PyMakeIdent(kwNamesSym)
AN_ARG Left PyMakeIdent(kwValsSym)
AN_ARG Left PyMakeIdent(lamSyms[j])
AN_ARG Left PyMakeIdent(listSym)
AN_ARG Left PyMakeIdent(rbSym)
AN_ARG Left PyMakeIdent(rngStepSym)
AN_ARG Left PyMakeIdent(setTmpSym)
AN_ARG Left PyMakeIdent(slotSym)
AN_ARG Left PyMakeIdent(slotSyms[k])
AN_ARG Left PyMakeIdent(slotSyms[kwIdx])
AN_ARG Left PyMakeIdent(smTmpSym)
AN_ARG Left PyMakeIdent(symIdx)
AN_ARG Left PyMakeIdent(tmpSym)
AN_ARG Left PyMakeIdent(vtTmpSym)
AN_ARG Left PyMakeIntLit(idx)
AN_ARG Left PyMakeIntLit(nParams + dcCount)
AN_ARG Left PyMakeIntLit(nParams)
AN_ARG Left PyMakeIterOf(cNode)
AN_ARG Left PyMakeIterOf(dNode)
AN_ARG Left PyMakeLenOf(PyMakeIdent(tmps[0]), unpCi)
AN_ARG Left PyMakeNone
AN_ARG Left PyMakeObjPtr(atRecv)
AN_ARG Left PyMakeObjPtr(baseNode)
AN_ARG Left PyStarIterableNode(PyZipStarOperand(CurASTNode))
AN_ARG Left RParseCallArg(procIdx, argSlot)
AN_ARG Left Result
AN_ARG Left ZParseExpr
AN_ARG Left a
AN_ARG Left a3
AN_ARG Left a4
AN_ARG Left a5
AN_ARG Left aAddr
AN_ARG Left aNode
AN_ARG Left acc
AN_ARG Left addr1
AN_ARG Left addr2
AN_ARG Left addrNode
AN_ARG Left an
AN_ARG Left arg1
AN_ARG Left arg2
AN_ARG Left arg3
AN_ARG Left argA
AN_ARG Left argB
AN_ARG Left argExpr
AN_ARG Left argExprs[k]
AN_ARG Left argNode
AN_ARG Left argNodes[i]
AN_ARG Left argSeq2
AN_ARG Left argsNode
AN_ARG Left asrtCond
AN_ARG Left asrtMsg
AN_ARG Left assertMsgLit
AN_ARG Left assertPosNode
AN_ARG Left atDflt
AN_ARG Left atFld
AN_ARG Left atRecv
AN_ARG Left augNode
AN_ARG Left b
AN_ARG Left bNode
AN_ARG Left baseNode
AN_ARG Left blobNode
AN_ARG Left byNode
AN_ARG Left caCountLit
AN_ARG Left caIdent
AN_ARG Left callNode
AN_ARG Left calleeNode
AN_ARG Left capNode
AN_ARG Left castNode
AN_ARG Left ci
AN_ARG Left clsNode
AN_ARG Left cntN
AN_ARG Left cntNode
AN_ARG Left condN
AN_ARG Left contNode
AN_ARG Left ctxNode
AN_ARG Left dNode
AN_ARG Left dcCountIdent
AN_ARG Left dcTempIdent
AN_ARG Left dcast
AN_ARG Left elemNode
AN_ARG Left enStart
AN_ARG Left endLit
AN_ARG Left excArgsTup
AN_ARG Left excFoldStr
AN_ARG Left exprNode
AN_ARG Left fieldNode
AN_ARG Left flNotNode
AN_ARG Left fmtNode
AN_ARG Left hi
AN_ARG Left hiNode
AN_ARG Left identNode
AN_ARG Left idxN
AN_ARG Left idxNode
AN_ARG Left instNode
AN_ARG Left intBaseArg
AN_ARG Left isFuncNode
AN_ARG Left itemNode
AN_ARG Left keyNode
AN_ARG Left kindNode
AN_ARG Left kwDictNode
AN_ARG Left kwNone
AN_ARG Left kwVal
AN_ARG Left l1
AN_ARG Left l2
AN_ARG Left leadLit
AN_ARG Left left
AN_ARG Left leftExpr
AN_ARG Left listNode
AN_ARG Left lit
AN_ARG Left litN
AN_ARG Left litNode
AN_ARG Left lo
AN_ARG Left loNode
AN_ARG Left mexprNode
AN_ARG Left mselfArg
AN_ARG Left n
AN_ARG Left nNode
AN_ARG Left nameN
AN_ARG Left nameNode
AN_ARG Left nilNode
AN_ARG Left node
AN_ARG Left objNode
AN_ARG Left op
AN_ARG Left opNode
AN_ARG Left operand
AN_ARG Left padNode
AN_ARG Left pairNode
AN_ARG Left polAddr
AN_ARG Left ppBase
AN_ARG Left ppExp
AN_ARG Left procAddr
AN_ARG Left rbVal
AN_ARG Left rcSelf
AN_ARG Left recv
AN_ARG Left recvNode
AN_ARG Left rhs
AN_ARG Left rhsNode
AN_ARG Left right
AN_ARG Left rndArg
AN_ARG Left rndRawArg
AN_ARG Left sNode
AN_ARG Left selfNode
AN_ARG Left sepLit
AN_ARG Left sigNode
AN_ARG Left sizeNode
AN_ARG Left slotN
AN_ARG Left smBase
AN_ARG Left smNameArg
AN_ARG Left specNode
AN_ARG Left srcNode
AN_ARG Left starNode
AN_ARG Left step
AN_ARG Left stepNode
AN_ARG Left stepsNode
AN_ARG Left target
AN_ARG Left tkNode
AN_ARG Left tpObjNode
AN_ARG Left unboxCall
AN_ARG Left unpElem
AN_ARG Left unpHi
AN_ARG Left vRecv
AN_ARG Left valNode
AN_ARG Left valueNode
AN_ARG Left varNode
AN_ARG Left vrCountLit
AN_ARG Left vrIdent
AN_ARG Left vtNameArg
AN_ARG Left wCastNode
AN_ARG Left wIdentNode
AN_ARG Left wNode
AN_ARG Left withNode
AN_ARG Left xNode
AN_ARG Left zeroNode
AN_ARG Right -1
AN_ARG Right ASTRight[chkArg]
AN_ARG Right AllocNode(AN_ARG)
AN_ARG Right a1
AN_ARG Right a2
AN_ARG Right a3
AN_ARG Right aArg
AN_ARG Right argSeq
AN_ARG Right argsHead
AN_ARG Right asrtA1
AN_ARG Right bfArgA
AN_ARG Right cArgs
AN_ARG Right clArgA
AN_ARG Right cpArgs
AN_ARG Right dfIdxHead
AN_ARG Right excFoldA
AN_ARG Right firstArg
AN_ARG Right flArg2
AN_ARG Right idxArgs
AN_ARG Right keyArg
AN_ARG Right left
AN_ARG Right margIdx
AN_ARG Right ppDomArg2
AN_ARG Right ppRngArg2
AN_ARG Right ppRngArg3
AN_ARG Right rngArg2
AN_ARG Right rngArg3
AN_ARG Right smArg2
AN_ARG Right unpIdx
AN_ARG Right valArg
AN_ARG Right vtArg2
AN_ARRAY_CTOR Left -1
AN_ASM Left asmStart
AN_ASM Left startOff
AN_ASM Right asmLen
AN_ASM Right blkLen
AN_ASM Right len
AN_ASSIGN Left CAsmOps[i].Expr
AN_ASSIGN Left CloneAST(lhsNode)
AN_ASSIGN Left CloneAST(valNode)
AN_ASSIGN Left PyMakeCellPtr(si)
AN_ASSIGN Left PyMakeIdent(Procs[procIdx].RetSymIdx)
AN_ASSIGN Left PyMakeIdent(PyImpAliasSym[i])
AN_ASSIGN Left PyMakeIdent(aSym)
AN_ASSIGN Left PyMakeIdent(attrSym)
AN_ASSIGN Left PyMakeIdent(baseSym)
AN_ASSIGN Left PyMakeIdent(buildSym)
AN_ASSIGN Left PyMakeIdent(cSym)
AN_ASSIGN Left PyMakeIdent(caN)
AN_ASSIGN Left PyMakeIdent(caSym)
AN_ASSIGN Left PyMakeIdent(cbN)
AN_ASSIGN Left PyMakeIdent(cbSym)
AN_ASSIGN Left PyMakeIdent(chainTmp)
AN_ASSIGN Left PyMakeIdent(clsLocal)
AN_ASSIGN Left PyMakeIdent(cmSym)
AN_ASSIGN Left PyMakeIdent(dictSym)
AN_ASSIGN Left PyMakeIdent(enumStartSym)
AN_ASSIGN Left PyMakeIdent(extraSyms[xi])
AN_ASSIGN Left PyMakeIdent(gsym)
AN_ASSIGN Left PyMakeIdent(iSym)
AN_ASSIGN Left PyMakeIdent(listSym)
AN_ASSIGN Left PyMakeIdent(nSym)
AN_ASSIGN Left PyMakeIdent(nsSym)
AN_ASSIGN Left PyMakeIdent(pairSym)
AN_ASSIGN Left PyMakeIdent(pargTmp)
AN_ASSIGN Left PyMakeIdent(pbLocal[i])
AN_ASSIGN Left PyMakeIdent(powSym)
AN_ASSIGN Left PyMakeIdent(rbSym)
AN_ASSIGN Left PyMakeIdent(rngStepSym)
AN_ASSIGN Left PyMakeIdent(rngStopSym)
AN_ASSIGN Left PyMakeIdent(rs)
AN_ASSIGN Left PyMakeIdent(setTmpSym)
AN_ASSIGN Left PyMakeIdent(slotSym)
AN_ASSIGN Left PyMakeIdent(slotSyms[k])
AN_ASSIGN Left PyMakeIdent(slotSyms[kwIdx])
AN_ASSIGN Left PyMakeIdent(smTmpSym)
AN_ASSIGN Left PyMakeIdent(sym)
AN_ASSIGN Left PyMakeIdent(sym2)
AN_ASSIGN Left PyMakeIdent(symIdx)
AN_ASSIGN Left PyMakeIdent(targetSym)
AN_ASSIGN Left PyMakeIdent(tmpSym)
AN_ASSIGN Left PyMakeIdent(tmps[nValues])
AN_ASSIGN Left PyMakeIdent(userSym)
AN_ASSIGN Left PyMakeIdent(vSym)
AN_ASSIGN Left PyMakeIdent(vtTmpSym)
AN_ASSIGN Left PyMakeIdent(xSym)
AN_ASSIGN Left PyMakeIdent(ySym)
AN_ASSIGN Left RArrIndexNode(RMakeIdent(symIdx), k, Ord(tyRecord))
AN_ASSIGN Left RArrIndexNode(fieldNode, k, ASTTk[fieldNode])
AN_ASSIGN Left RMakeIdent(Procs[CurProc].RetSymIdx)
AN_ASSIGN Left RMakeIdent(Result)
AN_ASSIGN Left RMakeIdent(bindSym)
AN_ASSIGN Left RMakeIdent(dstSym)
AN_ASSIGN Left RMakeIdent(idx)
AN_ASSIGN Left RMakeIdent(retSym)
AN_ASSIGN Left RMakeIdent(symIdx)
AN_ASSIGN Left RMakeIdent(tempSym)
AN_ASSIGN Left RMakeIdent(tmpSym)
AN_ASSIGN Left Result
AN_ASSIGN Left a3
AN_ASSIGN Left argIdx
AN_ASSIGN Left argSeq
AN_ASSIGN Left asgn
AN_ASSIGN Left attrFld
AN_ASSIGN Left caIdent
AN_ASSIGN Left chMid
AN_ASSIGN Left derefNode
AN_ASSIGN Left destNode
AN_ASSIGN Left dfltIdent
AN_ASSIGN Left elemNode
AN_ASSIGN Left elvisRd
AN_ASSIGN Left fcLhs
AN_ASSIGN Left fieldNode
AN_ASSIGN Left fldNode
AN_ASSIGN Left frIdn
AN_ASSIGN Left identN
AN_ASSIGN Left identNode
AN_ASSIGN Left idn
AN_ASSIGN Left inode
AN_ASSIGN Left l
AN_ASSIGN Left left
AN_ASSIGN Left lhs
AN_ASSIGN Left lhsIdent
AN_ASSIGN Left lhsIncNode
AN_ASSIGN Left lhsNode
AN_ASSIGN Left node
AN_ASSIGN Left sTarget
AN_ASSIGN Left slot
AN_ASSIGN Left target
AN_ASSIGN Left tmpIdent
AN_ASSIGN Left tmpN
AN_ASSIGN Left vaIdent
AN_ASSIGN Left valNode
AN_ASSIGN Left vbLhs
AN_ASSIGN Left vcLhs
AN_ASSIGN Left vrIndex
AN_ASSIGN Left wIdent
AN_ASSIGN Right ASTLeft[item]
AN_ASSIGN Right ASTLeft[pairNode]
AN_ASSIGN Right ASTRight[pairNode]
AN_ASSIGN Right AllocNode(AN_BINOP)
AN_ASSIGN Right AllocNode(AN_INT_LIT)
AN_ASSIGN Right CLIArrElem[cliBase + ei]
AN_ASSIGN Right CNormalizeToBool(IntToTypeKind(ASTTk[left]), ASTRight[node])
AN_ASSIGN Right CNormalizeToBool(declTk, ASTRight[asn])
AN_ASSIGN Right CPromoteCharTo(IntToTypeKind(ASTTk[left]), rhs)
AN_ASSIGN Right CPromoteCharTo(declTk, initExpr)
AN_ASSIGN Right CStrInitElem[ei]
AN_ASSIGN Right CurASTNode
AN_ASSIGN Right GParseExpr
AN_ASSIGN Right PyCallMeth1(listCi, 'at', PyMakeIdent(caSym), PyMakeIdent(iSym))
AN_ASSIGN Right PyCallMeth1(listCi, 'at', PyMakeIdent(cbSym), PyMakeIdent(iSym))
AN_ASSIGN Right PyCallMeth1(listCi, 'count', PyMakeIdent(caSym), -1)
AN_ASSIGN Right PyCallMeth1(listCi, 'count', PyMakeIdent(cbSym), -1)
AN_ASSIGN Right PyClsAttrNode(i)
AN_ASSIGN Right PyMakeBoolLit(v)
AN_ASSIGN Right PyMakeIdent(Procs[procIdx].Params[i].SymIdx)
AN_ASSIGN Right PyMakeIdent(attrGSym)
AN_ASSIGN Right PyMakeIdent(buildSym)
AN_ASSIGN Right PyMakeIdent(chainTmp)
AN_ASSIGN Right PyMakeIdent(cmpTmp)
AN_ASSIGN Right PyMakeIdent(cntSym)
AN_ASSIGN Right PyMakeIdent(dictSym)
AN_ASSIGN Right PyMakeIdent(gsym)
AN_ASSIGN Right PyMakeIdent(iSym)
AN_ASSIGN Right PyMakeIdent(keyN)
AN_ASSIGN Right PyPairItem(PyMakeIdent(hostSym), j)
AN_ASSIGN Right PyPairItem(PyMakeIdent(nsHostSym), nsI)
AN_ASSIGN Right PyStarOperandAsList(ASTLeft[n], rbListCi)
AN_ASSIGN Right PyStarOperandAsList(CurASTNode, listCi)
AN_ASSIGN Right RArrIndexNode(RMakeIdent(symIdx), 0, Ord(tyRecord))
AN_ASSIGN Right RArrIndexNode(fieldNode, 0, ASTTk[fieldNode])
AN_ASSIGN Right RBinOp(tkPlus, RMakeIdent(symIdx), oneNode, tyInt64)
AN_ASSIGN Right RBinOp(tkPlus, recv, argN, tyAnsiString)
AN_ASSIGN Right REnumField(RMakeIdent(tempSym), recId, 'Err.0')
AN_ASSIGN Right RMakeIdent(Procs[procIdx].Params[i].SymIdx)
AN_ASSIGN Right RParseExpr
AN_ASSIGN Right ZParseExpr
AN_ASSIGN Right a
AN_ASSIGN Right a4
AN_ASSIGN Right aNode
AN_ASSIGN Right acc
AN_ASSIGN Right addNode
AN_ASSIGN Right addrNode
AN_ASSIGN Right argAST
AN_ASSIGN Right atDflt
AN_ASSIGN Right bNode
AN_ASSIGN Right baseNode
AN_ASSIGN Right caRhs
AN_ASSIGN Right callNode
AN_ASSIGN Right charNode
AN_ASSIGN Right clsBox
AN_ASSIGN Right contNode
AN_ASSIGN Right createNode
AN_ASSIGN Right defValN
AN_ASSIGN Right destNode
AN_ASSIGN Right dfltAST
AN_ASSIGN Right dictNode
AN_ASSIGN Right dn
AN_ASSIGN Right e
AN_ASSIGN Right elemNode
AN_ASSIGN Right elems[i]
AN_ASSIGN Right entNode
AN_ASSIGN Right enumStartNode
AN_ASSIGN Right exprNode
AN_ASSIGN Right fieldNode
AN_ASSIGN Right idn
AN_ASSIGN Right incN
AN_ASSIGN Right incNode
AN_ASSIGN Right initExpr
AN_ASSIGN Right initNode
AN_ASSIGN Right left
AN_ASSIGN Right lenNode
AN_ASSIGN Right listNode
AN_ASSIGN Right lit
AN_ASSIGN Right litN
AN_ASSIGN Right loNode
AN_ASSIGN Right n
AN_ASSIGN Right node
AN_ASSIGN Right one
AN_ASSIGN Right oneN
AN_ASSIGN Right oneNode
AN_ASSIGN Right opNode
AN_ASSIGN Right operand
AN_ASSIGN Right paramNode
AN_ASSIGN Right powAddr
AN_ASSIGN Right r
AN_ASSIGN Right rawNode
AN_ASSIGN Right rhs
AN_ASSIGN Right rhsNode
AN_ASSIGN Right right
AN_ASSIGN Right rngStep
AN_ASSIGN Right sExpr
AN_ASSIGN Right scrutNode
AN_ASSIGN Right startNode
AN_ASSIGN Right stepsNode
AN_ASSIGN Right stopNode
AN_ASSIGN Right tagNode
AN_ASSIGN Right thenNode
AN_ASSIGN Right trIdent
AN_ASSIGN Right vListNode
AN_ASSIGN Right val
AN_ASSIGN Right valLit
AN_ASSIGN Right valNode
AN_ASSIGN Right valTmpIdent
AN_ASSIGN Right valueNode
AN_ASSIGN Right varNode
AN_ASSIGN Right vlaAlloc
AN_ASSIGN Right vlaMul
AN_ASSIGN Right zeroNode
AN_AS_CAST Left argAST
AN_AS_CAST Left left
AN_AWAIT Left -1          { bare `await
AN_AWAIT Left CurASTNode
AN_AWAIT Left ParseStatementAST()
AN_BINOP Left ASTRight[indexNode]
AN_BINOP Left CloneAST(SetLenDimNode[0])
AN_BINOP Left CloneAST(SetLenDimNode[k])
AN_BINOP Left CurASTNode
AN_BINOP Left PyClsAttrOvrGet(node, fieldName, cvIdx)
AN_BINOP Left PyClsAttrOvrGet(node, fieldName, fldIdx)
AN_BINOP Left PyMakeDynAttrGet(node, fieldName)
AN_BINOP Left PyMakeIdent(caN)
AN_BINOP Left PyMakeIdent(iSym)
AN_BINOP Left PyMakeIdent(rngStepSym)
AN_BINOP Left PyMakeIdent(symIdx)
AN_BINOP Left PyMakeTruthy(left)
AN_BINOP Left PyMakeVariantGetItem(node, indexNode)
AN_BINOP Left Result
AN_BINOP Left a
AN_BINOP Left acc
AN_BINOP Left augRead
AN_BINOP Left baseFld
AN_BINOP Left c
AN_BINOP Left callN
AN_BINOP Left chMid
AN_BINOP Left cmp
AN_BINOP Left cond
AN_BINOP Left crAugRead
AN_BINOP Left e
AN_BINOP Left eqN
AN_BINOP Left exprNode
AN_BINOP Left first
AN_BINOP Left flGuardCall
AN_BINOP Left flat
AN_BINOP Left flatNode
AN_BINOP Left guard
AN_BINOP Left identN
AN_BINOP Left idn
AN_BINOP Left idxExpr
AN_BINOP Left incNode
AN_BINOP Left l
AN_BINOP Left left
AN_BINOP Left leftExpr
AN_BINOP Left lenNode
AN_BINOP Left lhs
AN_BINOP Left lhsNode
AN_BINOP Left lhsValIncNode
AN_BINOP Left lhsValNode
AN_BINOP Left lnA
AN_BINOP Left mulNode
AN_BINOP Left n
AN_BINOP Left n1
AN_BINOP Left node
AN_BINOP Left op
AN_BINOP Left operand
AN_BINOP Left rhsNode
AN_BINOP Left scaled
AN_BINOP Left smGuardCall
AN_BINOP Left stopNode
AN_BINOP Left subRead
AN_BINOP Left tagCall
AN_BINOP Left tc
AN_BINOP Left unpCnt
AN_BINOP Left valNode
AN_BINOP Left vlaDim
AN_BINOP Left vtGuardCall
AN_BINOP Right ASTLeft[argSeq]
AN_BINOP Right ASTLeft[node]
AN_BINOP Right AllocNode(AN_INT_LIT)
AN_BINOP Right CurASTNode
AN_BINOP Right ParseSetLiteralAST
AN_BINOP Right PyMakeIdent(cbN)
AN_BINOP Right PyMakeIdent(nSym)
AN_BINOP Right PyMakeIdent(rngStopSym)
AN_BINOP Right PyMakeTruthy(right)
AN_BINOP Right WsMkInt(0)
AN_BINOP Right acc
AN_BINOP Right andN
AN_BINOP Right atDflt
AN_BINOP Right atRecv
AN_BINOP Right b
AN_BINOP Right chCmp
AN_BINOP Right chRight
AN_BINOP Right chain
AN_BINOP Right cmp
AN_BINOP Right cntNode
AN_BINOP Right diff
AN_BINOP Right e
AN_BINOP Right fdLoNode
AN_BINOP Right flGuardCall
AN_BINOP Right flNotNode
AN_BINOP Right flUnboxCall
AN_BINOP Right hiNode
AN_BINOP Right idxExpr
AN_BINOP Right idxLit
AN_BINOP Right left
AN_BINOP Right limitNode
AN_BINOP Right lit
AN_BINOP Right litN
AN_BINOP Right lnB
AN_BINOP Right loLit
AN_BINOP Right mask
AN_BINOP Right mulNode
AN_BINOP Right n
AN_BINOP Right nilNode
AN_BINOP Right nineLit
AN_BINOP Right node
AN_BINOP Right oneN
AN_BINOP Right oneNode
AN_BINOP Right pairNode
AN_BINOP Right r
AN_BINOP Right rhs
AN_BINOP Right right
AN_BINOP Right rngStep
AN_BINOP Right smGuardCall
AN_BINOP Right spanLit
AN_BINOP Right stepConstNode
AN_BINOP Right stepsNode
AN_BINOP Right strideLit
AN_BINOP Right tl
AN_BINOP Right unpElem
AN_BINOP Right valNode
AN_BINOP Right vlaSzLit
AN_BINOP Right zero
AN_BINOP Right zeroNode
AN_BLOCK Left -1
AN_BLOCK Left WsStmtList
AN_BLOCK Left bHead
AN_BLOCK Left head
AN_BLOCK Left mainNode
AN_BLOCK Left node
AN_BLOCK Left oHead
AN_BLOCK Left seq
AN_BLOCK Left seq1
AN_BLOCK Left stmtList
AN_CALL Left -1
AN_CALL Left ASTRight[lnArg]
AN_CALL Left a
AN_CALL Left a0
AN_CALL Left a1
AN_CALL Left arg0
AN_CALL Left argA
AN_CALL Left argHead
AN_CALL Left argN
AN_CALL Left argNode
AN_CALL Left argSeq
AN_CALL Left argSeq2
AN_CALL Left argsHead
AN_CALL Left asrtA0
AN_CALL Left atDflt
AN_CALL Left bArg
AN_CALL Left bfArgP
AN_CALL Left bfIsArg
AN_CALL Left cArg
AN_CALL Left caArg1
AN_CALL Left callNode
AN_CALL Left chkArg
AN_CALL Left clArgC
AN_CALL Left clArgP
AN_CALL Left clsArg
AN_CALL Left dcSlArg1
AN_CALL Left dispArg
AN_CALL Left domArg
AN_CALL Left dself
AN_CALL Left elemNode
AN_CALL Left enArg0
AN_CALL Left excFoldA
AN_CALL Left flArg1
AN_CALL Left flArg2
AN_CALL Left flUnboxArg
AN_CALL Left freeArg
AN_CALL Left hasArg
AN_CALL Left headNode
AN_CALL Left i
AN_CALL Left ipA
AN_CALL Left isArg
AN_CALL Left j
AN_CALL Left left
AN_CALL Left leftAddr
AN_CALL Left lenNode
AN_CALL Left lnArg
AN_CALL Left margSeq
AN_CALL Left markArg
AN_CALL Left mselfArg
AN_CALL Left mtSelf
AN_CALL Left node
AN_CALL Left pdArg
AN_CALL Left pi
AN_CALL Left ppArgSeq
AN_CALL Left ppDomArg
AN_CALL Left ppRngArg
AN_CALL Left pwArg
AN_CALL Left rbA1
AN_CALL Left rbA3
AN_CALL Left rngArg
AN_CALL Left rngChkArg
AN_CALL Left rtArg
AN_CALL Left sArg
AN_CALL Left selfArg
AN_CALL Left smArg1
AN_CALL Left smGuardArg
AN_CALL Left smselfArg
AN_CALL Left starArg
AN_CALL Left ta
AN_CALL Left tagArg
AN_CALL Left tailArg
AN_CALL Left tpBlobNode
AN_CALL Left tpCallNode
AN_CALL Left unboxArg
AN_CALL Left unpElem
AN_CALL Left unpHi
AN_CALL Left vListNode
AN_CALL Left vrArg1
AN_CALL Left vtArg1
AN_CALL Left vtGuardArg
AN_CALL Left wArg
AN_CALL Left wArgSeq
AN_CALL Left wrapperArg
AN_CALL Right -1
AN_CALL Right ASTRight[Result]
AN_CALL Right ProcRetRecId[ASTIVal[Result]]
AN_CALL Right ProcRetRecId[helperPi]
AN_CALL Right ProcRetRecId[iterPi]
AN_CALL Right ProcRetRecId[k]
AN_CALL Right ProcRetRecId[mpi]
AN_CALL Right ProcRetRecId[pi]
AN_CALL Right ProcRetRecId[ppPi]
AN_CALL Right ProcRetRecId[procIdx]
AN_CALL Right ProcRetRecId[realProcIdx]
AN_CALL Right ProcRetRecId[smNameTok]
AN_CALL Right ProcRetRecId[unpCnt]
AN_CALL Right REC_UCLASS_BASE + FindUClass('TPyFile')
AN_CALL Right REC_UCLASS_BASE + FindUClass('TPyList')
AN_CALL Right REC_UCLASS_BASE + bCi
AN_CALL Right REC_UCLASS_BASE + ci
AN_CALL Right REC_UCLASS_BASE + dictCi
AN_CALL Right REC_UCLASS_BASE + k
AN_CALL Right REC_UCLASS_BASE + listCi
AN_CALL Right REC_UCLASS_BASE + listCiN
AN_CALL Right REC_UCLASS_BASE + rbListCi
AN_CALL Right idx
AN_CALL Right recId
AN_CALLERINFO Left CurASTNode
AN_CALLERINFO Right CurASTNode
AN_CALL_IND Left -1
AN_CALL_IND Left argHead
AN_CALL_IND Left argsHead
AN_CALL_IND Left argsHead2
AN_CALL_IND Right calleeNode
AN_CALL_IND Right calleeNode2
AN_CALL_IND Right fieldNode
AN_CALL_IND Right fnode
AN_CALL_IND Right indexNode
AN_CALL_IND Right n
AN_CALL_IND Right node
AN_CALL_IND Right unboxCall
AN_CALL_IND Right valNode
AN_CASE Left condNode
AN_CASE Right branchSeq
AN_CLASSREF Right 0
AN_CLASSREF Right 1
AN_CLASS_CAST Left CurASTNode
AN_CLASS_CAST Left unboxCall
AN_COMMA Left Result
AN_COMMA Left asgn
AN_COMMA Left blockNode
AN_COMMA Left callNode
AN_COMMA Left chAssign
AN_COMMA Left hStmts[k]
AN_COMMA Left left
AN_COMMA Left mcallNode
AN_COMMA Left node
AN_COMMA Left post
AN_COMMA Left pyPrintNode
AN_COMMA Left right
AN_COMMA Left setTmpAssign
AN_COMMA Left tmpAssign
AN_COMMA Right AllocNode(AN_INT_LIT)
AN_COMMA Right CurASTNode
AN_COMMA Right ParseCExpr
AN_COMMA Right PyMakeIdent(setTmpSym)
AN_COMMA Right PyMakeIdent(tmpSym)
AN_COMMA Right PyMakeNone
AN_COMMA Right PyMakeTruthy(PyMakeIdent(aSym))
AN_COMMA Right Result
AN_COMMA Right callN
AN_COMMA Right chMid
AN_COMMA Right chSeq
AN_COMMA Right condNode
AN_COMMA Right idx
AN_COMMA Right innerComma
AN_COMMA Right node
AN_COMMA Right setInnerComma
AN_COMMA Right sub
AN_COMMA Right valNode
AN_COMPOUND_ASSIGN Left left
AN_COMPOUND_ASSIGN Left valNode
AN_COMPOUND_ASSIGN Right CurASTNode
AN_COMPOUND_ASSIGN Right right
AN_COMPOUND_LITERAL Left frSeq
AN_COMPOUND_LITERAL Left seq
AN_COMPOUND_LITERAL Left sq
AN_COMPOUND_LITERAL Left vaSeq
AN_COMPOUND_LITERAL Left zseq
AN_DEREF Left GenMakeIdent(ps, tyPointer)
AN_DEREF Left GenMakeSlotAddr(i)
AN_DEREF Left PyMakeCellPtr(si)
AN_DEREF Left PyMakeCellPtr(symIdx)
AN_DEREF Left a2
AN_DEREF Left addrNode
AN_DEREF Left callCur
AN_DEREF Left callNode
AN_DEREF Left fieldNode
AN_DEREF Left identNode
AN_DEREF Left inner
AN_DEREF Left node
AN_DEREF Left operand
AN_DEREF Left ptrNode
AN_DEREF Left slotAddr
AN_DYN_COPY Left ASTLeft[argsHead]
AN_DYN_COPY Left exprNode
AN_DYN_COPY Left node
AN_DYN_DELETE Left valNode
AN_DYN_INSERT Left left
AN_DYN_INSERT Left valNode
AN_EXC_HANDLER Left actionSeq
AN_EXIT Left -1
AN_EXIT Left CNormalizeToBool(tyBool8, ASTLeft[node])
AN_EXIT Left CurASTNode
AN_EXIT Left ParseCExpr
AN_EXIT Left PyMakeNone
AN_EXIT Left RMakeIdent(tmpSym)
AN_EXIT Left ZParseExpr
AN_EXIT Left valNode
AN_FIELD Left GenMakeIdent(cselfSym, tyClass)
AN_FIELD Left GenMakeIdent(eSym, eTk)
AN_FIELD Left GenMakeIdent(selfIdx, tyClass)
AN_FIELD Left PyMakeIdent(attrSym)
AN_FIELD Left PyMakeIdent(selfSym)
AN_FIELD Left PyMakeIdent(symIdx)
AN_FIELD Left RMakeIdent(scrutSym)
AN_FIELD Left RMakeIdent(targetSym)
AN_FIELD Left atRecv
AN_FIELD Left baseFld
AN_FIELD Left baseNode
AN_FIELD Left castNode
AN_FIELD Left identNode
AN_FIELD Left lastArg
AN_FIELD Left node
AN_FIELD Left otherNode
AN_FIELD Left recvNode
AN_FIELD Left selfNode
AN_FIELD Left target
AN_FIELD Left targetNode
AN_FIELD Left valNode
AN_FIELD Left withNode
AN_FIELD Right UFldRec_[fi]
AN_FIELD Right UFldRec_[k]
AN_FIELD Right UPropRec[pri]
AN_FOR Left AllocNode(AN_IDENT)
AN_FOR Left lhsNode
AN_FOR Right pair3
AN_FPUMASK Left CurASTNode
AN_GOTO_INDIRECT Left ParseCUnary()
AN_HALT Left AllocNode(AN_INT_LIT)
AN_HALT Left BMkInt(1)
AN_IF Left CMakeIsZero(cond)
AN_IF Left PyMakeIdent(elseFlag)
AN_IF Left PyMakeTruthy(CurASTNode)
AN_IF Left PyMakeTruthy(ifCondStart)
AN_IF Left RTagTest(scrutSym, vi)
AN_IF Left RTagTest(tempSym, errVi)
AN_IF Left arms[i].CondNode
AN_IF Left clauseCond
AN_IF Left cond
AN_IF Left condIn
AN_IF Left condN
AN_IF Left condNode
AN_IF Left conds[i]
AN_IF Left exprNode
AN_IF Left flGuardCall
AN_IF Left notNode
AN_IF Left smGuardCall
AN_IF Left smNotNode
AN_IF Left vtNotNode
AN_IF Right elsePair
AN_IF Right pairN
AN_IF Right pairNode
AN_INCDEC Left CurASTNode
AN_INCDEC Left lv
AN_INDEX Left CloneAST(target)
AN_INDEX Left GenMakeContainerNode(ckind, csym, cselfSym, cfOff, cfLen, ctemplate, contTk)
AN_INDEX Left RMakeIdent(arrSym)
AN_INDEX Left RMakeIdent(symIdx)
AN_INDEX Left baseFld
AN_INDEX Left baseNode
AN_INDEX Left fieldNode
AN_INDEX Left identNode
AN_INDEX Left idn
AN_INDEX Left node
AN_INDEX Left target
AN_INDEX Left tmpN
AN_INDEX Left vrIdent
AN_INDEX Right AllocNode(AN_IDENT)
AN_INDEX Right BuildFlatNDIndex(nIdx)
AN_INDEX Right CurASTNode
AN_INDEX Right argNode
AN_INDEX Right fieldNode
AN_INDEX Right flatNode
AN_INDEX Right idxExpr
AN_INDEX Right idxLit
AN_INDEX Right idxNode
AN_INDEX Right lit
AN_INDEX Right loNode
AN_INDEX Right node
AN_INDEX Right rhsNode
AN_INDEX Right tagNode
AN_INDEX Right vrIdxLit
AN_INTF_CALL Left firstArg
AN_INTF_CALL Right node
AN_INTF_CALL Right recvNode
AN_INT_LIT Right -1
AN_IS_TEST Left callN
AN_IS_TEST Left exprNode
AN_IS_TEST Left left
AN_IS_TEST Left unboxCall
AN_IS_TEST Left xNode
AN_MANAGED_INIT Left identNode
AN_MANAGED_INIT Left miArg
AN_METACLASS_NEW Right crefNode
AN_METHODREF Left opNode
AN_METHODREF Left valNode
AN_METHODREF Right UMthVirSlot[mmi]
AN_METHODREF Right UMthVirSlot[rmmi]
AN_MULHI Left CurASTNode
AN_MULHI Right CurASTNode
AN_NEG Left CurASTNode
AN_NEG Left EParsePrimary()
AN_NEG Left FParsePrimary()
AN_NEG Left GParsePrimary()
AN_NEG Left RParseUnary()
AN_NEG Left ZParseUnary()
AN_NEG Left left
AN_NEG Left operand
AN_NOT Left CurASTNode
AN_NOT Left GParsePrimary()
AN_NOT Left PyMakeIdent(flagSym)
AN_NOT Left RParseUnary()
AN_NOT Left ZParseUnary()
AN_NOT Left arg0
AN_NOT Left flOrNode
AN_NOT Left left
AN_NOT Left node
AN_NOT Left operand
AN_NOT Left right
AN_NOT Left smGuardCall
AN_NOT Left truthNode
AN_NOT Left vtGuardCall
AN_NOT Right ProcRetRecId[procIdx]
AN_PAIR Left -1
AN_PAIR Left AllocNode(AN_BREAK)
AN_PAIR Left AllocNode(AN_INT_LIT)
AN_PAIR Left GenMakeGoto(lblIdx)
AN_PAIR Left PyForceVariant(PyMakeDynAttrGet(baseNode, fname))
AN_PAIR Left PyMakeDynAttrGet(atRecv, atName)
AN_PAIR Left PyMakeIdent(caN)
AN_PAIR Left PyParseFor
AN_PAIR Left REnumField(baseNode, optRec, 'Some.0')
AN_PAIR Left Result
AN_PAIR Left WriteLit('true')
AN_PAIR Left ZFieldNode(RMakeIdent(symIdx), '__val', elemTk)
AN_PAIR Left armN
AN_PAIR Left arms[i].BodyNode
AN_PAIR Left bfCall
AN_PAIR Left blk
AN_PAIR Left bodies[i]
AN_PAIR Left bodyNode
AN_PAIR Left callNode
AN_PAIR Left clauseBody
AN_PAIR Left dcall
AN_PAIR Left dn
AN_PAIR Left elseBody
AN_PAIR Left elseSeq
AN_PAIR Left flCall
AN_PAIR Left flRaiseCall
AN_PAIR Left getCall
AN_PAIR Left identNode
AN_PAIR Left initN
AN_PAIR Left initNode
AN_PAIR Left isDownNode
AN_PAIR Left itemNode
AN_PAIR Left labelsHead
AN_PAIR Left left
AN_PAIR Left node
AN_PAIR Left p1
AN_PAIR Left pair1
AN_PAIR Left rbVal
AN_PAIR Left rngGt
AN_PAIR Left seqN
AN_PAIR Left smRaiseCall
AN_PAIR Left startNode
AN_PAIR Left stepNode
AN_PAIR Left tNode
AN_PAIR Left thenCall
AN_PAIR Left thenE
AN_PAIR Left thenN
AN_PAIR Left thenNode
AN_PAIR Left thenS
AN_PAIR Left thenSeq
AN_PAIR Left vtRaiseCall
AN_PAIR Right -1
AN_PAIR Right AllocNode(AN_INT_LIT)
AN_PAIR Right DefaultArgValueNode(mpi, rbK)
AN_PAIR Right DefaultArgValueNode(procIdx, k)
AN_PAIR Right ParseSetElementAST
AN_PAIR Right PyMakeIdent(cbN)
AN_PAIR Right Result
AN_PAIR Right WriteLit('false')
AN_PAIR Right addrNode
AN_PAIR Right argNode
AN_PAIR Right atDflt
AN_PAIR Right bodyN
AN_PAIR Right bodyNode
AN_PAIR Right boxCall
AN_PAIR Right chain
AN_PAIR Right defCall
AN_PAIR Right dfltNode
AN_PAIR Right elseE
AN_PAIR Right elseN
AN_PAIR Right elseNode
AN_PAIR Right elseS
AN_PAIR Right fNode
AN_PAIR Right falseNode
AN_PAIR Right flCall
AN_PAIR Right flRaiseCall
AN_PAIR Right limitN
AN_PAIR Right limitNode
AN_PAIR Right p2
AN_PAIR Right pair2
AN_PAIR Right right
AN_PAIR Right rngLt
AN_PAIR Right stmtNode
AN_PARFOR Left callNode
AN_PTR_CAST Left CurASTNode
AN_PTR_CAST Left node
AN_PTR_CAST Left operand
AN_PTR_CAST Left valNode
AN_PTR_CAST Left wIdentNode
AN_PTR_CAST Right -1
AN_PTR_CAST Right castProcSig
AN_RAISE Left valNode
AN_READ Left -1
AN_READLN Left -1
AN_REPEAT Left body
AN_REPEAT Left seqNode
AN_REPEAT Left whileBody
AN_REPEAT Right condNode
AN_REPEAT Right notCond
AN_REPEAT Right postComma
AN_RTTIOF Left objNode
AN_SEQ Left CWrapStaticInitOnce(head)
AN_SEQ Left GenMakeAssign(GenMakeIdent(tmpSym, tyAnsiString), CloneAST(destNode))
AN_SEQ Left GenMakeAssign(destNode, GenMakeIdent(tmpSym, tyAnsiString))
AN_SEQ Left asgN
AN_SEQ Left asn
AN_SEQ Left assignNode
AN_SEQ Left call
AN_SEQ Left callNode
AN_SEQ Left cp
AN_SEQ Left declNode
AN_SEQ Left exprNode
AN_SEQ Left fnAssign
AN_SEQ Left fnLoop
AN_SEQ Left forcAssign
AN_SEQ Left forcLoop
AN_SEQ Left frAsn
AN_SEQ Left initAssignNode
AN_SEQ Left lblNode
AN_SEQ Left nd
AN_SEQ Left node
AN_SEQ Left outerCall
AN_SEQ Left prevStmt
AN_SEQ Left scAssign
AN_SEQ Left scLoop
AN_SEQ Left stmt
AN_SEQ Left stmtNode
AN_SEQ Left strAssign
AN_SEQ Left strLoop
AN_SEQ Left wAssign
AN_SEQ Right -1
AN_SEQ Right AllocNode(AN_SEQ)
AN_SEQ Right bodyNode
AN_SEQ Right forN
AN_SEQ Right head
AN_SEQ Right next
AN_SEQ Right seq2
AN_SET_EXCL Left valNode
AN_SET_EXCL Right CurASTNode
AN_SET_LIT Left -1
AN_SET_SIGNAL Left opNode
AN_SET_SIGNAL Right valNode
AN_STR_FROM_CHAR Left node
AN_SWITCH Left CPromoteChar(selNode)
AN_SWITCH Right bodyNode
AN_TERNARY Left bfIsCall
AN_TERNARY Left cnd
AN_TERNARY Left condN
AN_TERNARY Left condNode
AN_TERNARY Left flGuardCall
AN_TERNARY Left flNotNode
AN_TERNARY Left guard
AN_TERNARY Left guardNode
AN_TERNARY Left hasCall
AN_TERNARY Left isCall
AN_TERNARY Left left
AN_TERNARY Left node
AN_TERNARY Left rbCall
AN_TERNARY Left rngDown
AN_TERNARY Right argSeq2
AN_TERNARY Right flPair2
AN_TERNARY Right flPairNode
AN_TERNARY Right pair
AN_TERNARY Right pairN
AN_TERNARY Right pairNode
AN_TERNARY Right rbPair
AN_TERNARY Right rngPair
AN_TERNARY Right thenElse
AN_TERNARY Right valNode
AN_TRY_EXCEPT Left trySeq
AN_TRY_EXCEPT Right actionSeq
AN_TRY_EXCEPT Right handlerHead
AN_TRY_FINALLY Left bodyNode
AN_TRY_FINALLY Left innerNode
AN_TRY_FINALLY Left whileNode
AN_TRY_FINALLY Right PySeqAppend(-1, exitNode)
AN_TRY_FINALLY Right callFree
AN_TRY_FINALLY Right finSeq
AN_TRY_FINALLY Right freeCall
AN_TRY_FINALLY Right headFin
AN_TYPEINFO Left 1
AN_VARREC_ARRAY Left elemHead
AN_VAR_DECL Left -1
AN_VAR_DECL Left assignNode
AN_VIRTUAL_CALL Right UMthVirSlot[dfMmi]
AN_VIRTUAL_CALL Right UMthVirSlot[hitMmi]
AN_VIRTUAL_CALL Right UMthVirSlot[mmi]
AN_VIRTUAL_CALL Right UMthVirSlot[smmii]
AN_WHILE Left RParseExpr
AN_WHILE Left callNext
AN_WHILE Left cmpNode
AN_WHILE Left cnd
AN_WHILE Left cond
AN_WHILE Left condN
AN_WHILE Left condNode
AN_WHILE Left mnCall
AN_WHILE Left scanCond
AN_WHILE Right RParseBlock
AN_WHILE Right body
AN_WHILE Right bodyN
AN_WHILE Right bodyNode
AN_WHILE Right bodySeq
AN_WHILE Right innerSeq
AN_WRITE Left -1
AN_WRITE Left a2
AN_WRITE Left arg
AN_WRITELN Left -1
AN_WRITELN Left arg
AN_YIELD Left exprNode
AN_YIELD Left node
