PXXDBG a.a64cls f4 param v size=4 -> 1 GP register(s)
PXXDBG a.a64cls f8 param v size=8 -> 1 GP register(s)
PXXDBG a.a64cls f12 param v size=12 -> 2 GP register(s)
PXXDBG a.a64cls f16 param v size=16 -> 2 GP register(s)
PXXDBG a.a64cls f24 param v size=24 -> INDIRECT (pointer in 1 GP register)
PXXDBG a.a64cls g1 param v size=8 -> HFA 1 x double (d registers)
PXXDBG a.a64cls g2 param v size=16 -> HFA 2 x double (d registers)
PXXDBG a.a64cls g3 param v size=12 -> HFA 3 x single (s registers)
PXXDBG a.a64cls g4 param v size=16 -> HFA 4 x single (s registers)
PXXDBG a.a64cls g5 param v size=20 -> INDIRECT (pointer in 1 GP register)
PXXDBG a.a64cls gm param v size=16 -> 2 GP register(s)
