strings hand  one
strings hand  two
strings hand  three
strings forin one
strings forin two
strings forin three
strings empty FALSE
list    hand  11
list    hand  22
list    hand  33
list    forin 11
list    forin 22
list    forin 33
fplist  hand  44
fplist  hand  55
fplist  forin 44
fplist  forin 55
comp    hand  Child1
comp    hand  Child2
comp    hand  Child3
comp    forin Child1
comp    forin Child2
comp    forin Child3
comp    count 3
