IsEmpty=FALSE
Trim=[Hello World]
TrimLeft=[Hello World  ]
TrimRight=[  Hello World]
ToUpper=[  HELLO WORLD  ]
ToLower=[  hello world  ]
Substring2=[llo World]
Substring2_3=[llo]
IndexOf_o=4
LastIndexOf_o=7
StartsWith=TRUE
EndsWith=TRUE
Contains=TRUE
PadLeft14=[   Hello World]
PadRight14=[Hello World   ]
Replace=[X-b-X]
ReplaceFirst=[X-b-a]
IndexOf_missing=-1
LastIndexOf_missing=-1
IndexOf_from1=4
Substring1=[bc]
Substring9=[]
Substring1_99=[bc]
SubstringNeg=[abc]
PadLeft2=[abc]
PadLeft5dot=[..abc]
PadRight5dot=[abc..]
SplitCount=3
  Split0=[a]
  Split1=[]
  Split2=[b]
emptyIsEmpty=TRUE
emptySplitCount=1
STRHELP OK
