flat same      T want T
flat same-ne   F want F
flat tail      F want F
flat tail-ne   T want T
flat first     F want F
flat both      F want F
nest same      T want T
nest inner     F want F
nest tail      F want F
nest head      F want F
str  same      T want T
str  tail      F want F
flt  same      T want T
flt  tail      F want F
idx  same      T want T
idx  tail      F want F
ptr  same      T want T
ptr  tail      F want F
memb same      T want T
memb tail      F want F
side same      T want T
side calls     2 want 2
