[('and', 2), ('bat', 1), ('cat', 1), ('hat', 1), ('the', 3)]
[(3, ['the', 'cat', 'and', 'the', 'hat', 'and', 'the', 'bat'])]
[('a', [1]), ('b', [2])]
ab True 2
[('b', 2), ('c', 1)] 1
0 True False None 1
5
KeyError 'x'
KeyError none
[] False
dict() copy is plain
defaultdict True
[('a', 1), ('b', 1)]
[] the
and 2
bat 1
cat 1
hat 1
the 3
OrderedDict({'b': 1, 'a': 2}) OrderedDict() OrderedDict True
['a', 'b']
['b', 'a']
['b', 'a']
('a', 2) ('b', 1) OrderedDict()
True
OrderedDict({'k': 1, 'j': 2}) {'k': 1, 'j': 2} OrderedDict({'k': 1, 'j': 2})
KeyError 'zz'
[4, 2, 5]
[1] 2
defaultdict(<class 'list'>, {}) defaultdict(<class 'int'>, {'z': 0})
{'a': 1} {'a': 1, 'b': 2}
[1] [1, 2] ['a', 'b'] [1, 3]
[]
{}
set()
()
frozenset()
''
0
