A prop         'world-one'
B prop2        'world-one-shared'
C off-call     'world-two'
D field        'region-three'
D field2       'rfield-three'
E meth A       'A-four'
F meth B       'B-five'
G lonely       'lonely-value'
I write        'rewritten'
I augwrite     'rewritten-more'
J static W     'world-six'
J static R     'region-seven'
