v | ValueError('v') | v
t | TypeError('t') | t
m | MyErr('m') | m
x | Exception('x') | x
 | ValueError()
caught ValueError('caught')
mine MyErr
msg: concat
str   CUSTOM-STR
print CUSTOM-STR
fstr  CUSTOM-STR
pct   CUSTOM-STR
inherited CUSTOM-STR
repr  CUSTOM-REPR
caught CUSTOM-STR
nodunder plain | plain
