{'k': 0, 'z': 6}
{'k': 0, 'z': 7, 'y': 8}
{'k': 0, 'z': 7, 'y': 8, 'w': 9}
{'k': 0, 'z': 7}
{'k': 0, 'z': 1, 'y': 2}
{'k': 0, 'z': 99}
{'k': 0, 'z': 7, 'y': 8}
{'p': 1, 'q': 2}
{'p': 1, 'q': 2}
{}
{'sum': 6, 'txt': 'ab', 'none': None, 'lst': [1, 2]}
{'p': 1, 'q': 2}
{'r': 1, 's': 2}
{'a': 1, 'b': 2, 'c': 3}
{'x': 1, 'y': 2}
True
{'a': 0, 'b': 1, 'c': 2}
{'k': 1, 'y': 2}
{'k': 1, 'z': 9, 'w': 5}
{'x': 1, 'b': 2}
{'f': 7}
{}
{'q': 1}
