5 3 3 0
True True
é 日 本 語 語
1 True str
h o 本
caught: index out of range
2 0 4 -1
1 2 2
2 3
3 -1
l 語
hé él hé llo lo
日 本 日本 本語
olléh 語本日
hlo 日語
1
['h', 'é', 'l', 'l', 'o'] ['日', '本', '語']
['日', '本', '語']
5 5
日本語
['h', 'l', 'l', 'o', 'é']
{'日': 1, '本': 1, '語': 1}
3
2 1 2
True True
héllo... ...héllo ..héllo..
8 7
000é
8364 233 26085
€ 日
233 é
[26085, 26412, 35486]
Hé日
cba abc-- --abc-- 00042
2 e 5 ['a', 'b', 'c']
