transpose [(1, 3), (2, 4)]
transpose3 [(1, 4, 7), (2, 5, 8), (3, 6, 9)]
twice [(1, 2), (3, 4)]
dict {'a': 1, 'b': 2}
strs [('a', 'c'), ('b', 'd')]
range [(0, 'x'), (1, 'y'), (2, 'z')]
mixed [(1, 'a', 9), (2, 'b', 10)]
uneven [(1, 4), (2, 5)]
empty-row []
no-rows []
one-row [(1,), (2,)]
five [(1, 3, 5, 7, 9), (2, 4, 6, 8, 10)]
six [('a', 'c', 'e', 'g', 'i', 'k'), ('b', 'd', 'f', 'h', 'j', 'l')]
two [('a', 1), ('b', 2)]
three [(1, 3, 5), (2, 4, 6)]
four [(1, 2, 3, 4)]
loop 1 3
loop 2 4
comp [4, 6]
slice [(1, 3), (2, 4)]
call [(1, 3), (2, 4)]
variant [(1, 3), (2, 4)]
maxmin 5 1 9 a
maxctl 5 1 2 1
TEST-OK
