update    [1, 2, 3, 4, 5]
intersect [2, 4]
differenc [2]
symdiff   [1, 2, 9]
alias     [1, 2] [1, 2] True
op vs me  [1, 2, 5] [1, 2, 5]
field     [1, 2, 3]
inferred  [1, 2, 7]
subscript [1, 8]
union     [1, 2, 3, 4]
inter     [2]
diff      [2, 3]
symdiff2  [1, 2, 9]
subset    True True True
add/disc  [1, 2, 3]
unchanged [1, 2, 3]
dict upd  [('a', 1), ('b', 2)]
dict view ['a', 'b'] [1, 2]
dict sub  [('a', 1)]
