alias-a  TBox<System.LongInt>
alias-b  TBox<System.LongInt>
long     TBox<System.LongInt>
myint    TBox<System.LongInt>
str      TBox<System.AnsiString>
ansi     TBox<System.AnsiString>
short    TBox<System.ShortString>
wide     TBox<System.WideString>
card     TBox<System.LongWord>
byte     TBox<System.Byte>
int64    TBox<System.Int64>
double   TBox<System.Double>
bool     TBox<System.Boolean>
char     TBox<System.Char>
cls      TBox<test_a_specialization_reports_its_canonical_class_name.TCls>
enum     TBox<test_a_specialization_reports_its_canonical_class_name.TMyEnum>
sub      TBox<test_a_specialization_reports_its_canonical_class_name.TSub>
nested   TBox<test_a_specialization_reports_its_canonical_class_name.TBox<System.LongInt>>
pair     TPair<System.LongInt,System.AnsiString>
plain    TCls
derived  TDerived
