star+kw    (1, 2, (), []) (1, 3, (), []) (1, 3, (4, 5), []) (1, 3, (4,), [('x', 6), ('y', 7)])
kw binds b (1, 9, (), []) (1, 9, (), [('z', 1)])
kw binds a (1, 2, (), []) (1, 2, (), [])
star only  (1, 2, ()) (1, 3, ()) (1, 3, (4,)) (1, 9, ())
kwargs     (1, 2, []) (1, 9, []) (1, 9, [('z', 2)]) (1, 9, [])
no star    (1, 2) (1, 3) (1, 3) (1, 3)
skip mid   (1, 1, 2, (), []) (1, 1, 9, (), []) (1, 2, 3, (4,), []) (1, 1, 9, (), [('z', 8)])
