['a', 'b,c,d'] ['a', 'b', 'c', 'd'] ['a', 'b', 'c,d']
['x', 'y z  '] ['x', 'y z  '] ['  x  y', 'z']
['a,b,c', 'd'] ['a,b', 'c', 'd'] ['a', 'b,c,d']
['a,b,c,d'] ['x  y z  ']
['k', 'v:w']
['k', 'v:w']
['P', ',', 3] ['P', None, 2]
['a', 'b c']
['a', 'b', 'c', '', 'd', 'e'] ['a\r\n', 'b\r', 'c\n', '\n', 'd\x0b', 'e\n'] ['a\r\n', 'b\r', 'c\n', '\n', 'd\x0b', 'e\n']
['k:v:w'] ['k:v:w'] ['k:v', 'w']
a   b 255 -5
2.6 1200 2
