local str  = register/cdecl
local int  = 789
local grid = 14
local char = AD
local cls  = TBase/TDer
global     = register/cdecl
localconst = register/cdecl
local dbl  = 35.75 -1.50
local qwd  = 9223372030854775807
global dbl = 35.75 -1.50
global qwd = 6000000000 9223372036854775807
reentry    = 11 11 11
