esp_flash: esp32s3 on /dev/ttyACM0 <- monitor-s3 (its own build.sh)
esp_flash: building via /home/neo/frankH/examples/esp32/monitor-s3/build.sh ...
note: time -> mimic_time (shim, subset)
ok: main/main.o  [code=1257393B  data=115750B  bss=63864B  procs=2725  codeseg=1257393B]
Executing action: all (aliases: build)
Running ninja in directory /home/neo/frankH/examples/esp32/monitor-s3/build
Executing "ninja all"...
[1/7] Performing build step for 'bootloader'
[1/1] cd /home/neo/frankH/examples/esp32/monitor-s3/build/bootloader && /home/neo/.espressif/python_env/idf6.0_py3.14_env/bin/python /home/neo/esp/esp-idf/components/partition_table/check_sizes.py --offset 0x8000 bootloader 0x0 /home/neo/frankH/examples/esp32/monitor-s3/build/bootloader/bootloader.bin
Bootloader binary size 0x5240 bytes. 0x2dc0 bytes (36%) free.
[2/7] No install step for 'bootloader'
[3/7] Completed 'bootloader'
[4/7] Generating esp-idf/esp_system/ld/sections.ld
NOTE: /home/neo/esp/esp-idf/components/bt/host/nimble/Kconfig.in:1421: 
BT_NIMBLE_MESH_PROVISIONER: 'default 0' is not a valid bool value (only 'y' and 
'n' are allowed). Value is treated as 'n'.
NOTE: /home/neo/esp/esp-idf/components/fatfs/Kconfig:230: FATFS_PRINT_LLI: 
'default 0' is not a valid bool value (only 'y' and 'n' are allowed). Value is 
treated as 'n'.
NOTE: /home/neo/esp/esp-idf/components/fatfs/Kconfig:235: FATFS_PRINT_FLOAT: 
'default 0' is not a valid bool value (only 'y' and 'n' are allowed). Value is 
treated as 'n'.
[5/7] Linking CXX executable pxx_monitor_s3.elf
[6/7] Generating binary image from built executable
esptool v5.3.1
Creating ESP32-S3 image...
Merged 3 ELF sections.
Successfully created ESP32-S3 image.
Generated /home/neo/frankH/examples/esp32/monitor-s3/build/pxx_monitor_s3.bin
[7/7] cd /home/neo/frankH/examples/esp32/monitor-s3/build && /home/neo/.espressif/python_env/idf6.0_py3.14_env/bin/python /home/neo/esp/esp-idf/components/partition_table/check_sizes.py --offset 0x8000 partition --type app /home/neo/frankH/examples/esp32/monitor-s3/build/partition_table/partition-table.bin /home/neo/frankH/examples/esp32/monitor-s3/build/pxx_monitor_s3.bin
pxx_monitor_s3.bin binary size 0x181310 bytes. Smallest app partition is 0x3c0000 bytes. 0x23ecf0 bytes (60%) free.

Project build complete. To flash, run:
 idf.py flash
or
 idf.py -p PORT flash
or
 python -m esptool --chip esp32s3 -b 460800 --before default-reset --after hard-reset write-flash --flash-mode dio --flash-size 4MB --flash-freq 80m 0x0 build/bootloader/bootloader.bin 0x8000 build/partition_table/partition-table.bin 0x10000 build/pxx_monitor_s3.bin
or from the "/home/neo/frankH/examples/esp32/monitor-s3/build" directory
 python -m esptool --chip esp32s3 -b 460800 --before default-reset --after hard-reset write-flash "@flash_args"
app_main present in image map
esp_flash: writing flash...
adc start 0
#  1 mean 3863 range 3771..3883 trend flat    frames 16 free 258084
