2026-08-09T03:40:32Z	plexus	e5b75caf3372d45608a6b6595af6df8bdc48b30d	would NOT pin e5b75caf3372 — self-host is not clean (never waivable)
2026-08-09T05:17:53Z	plexus	8a4804cb68c1b7f5858d83508dfbd3c323ea7f29	would NOT pin 8a4804cb68c1 — self-host is not clean (never waivable)
2026-08-09T05:59:59Z	plexus	7d42d021fcf300bbb596ceb6ab4aa96e53a82299	would NOT pin 7d42d021fcf3 — self-host is not clean (never waivable)
2026-08-09T06:46:35Z	plexus	46b900abaf32e27794bc1c7fb7e2b811bd993ba0	would NOT pin 46b900abaf32 — self-host is not clean (never waivable)
2026-08-09T07:45:10Z	plexus	4939f47ab88383d90d73899dd02f7248ef01cfe2	would NOT pin 4939f47ab883 — self-host is not clean (never waivable)
2026-08-09T08:30:09Z	plexus	0d6de0cbeae14acc49cf9a7c6f3d007b61118319	would NOT pin 0d6de0cbeae1 — self-host is not clean (never waivable)
2026-08-09T10:04:28Z	plexus	29d980110b58b64e9f5ded34d3619ace345aff27	would NOT pin 29d980110b58 — 1 red(s) not in the allowlist: selfhost-fixedpoint#src:compiler/compiler.pas
2026-08-09T10:56:27Z	plexus	954727cee6680daf514fcd5bb929814a1ca3c522	would NOT pin 954727cee668 — 2 red(s) not in the allowlist: test-nilpy#src:test/test_nilpy_delitem_dunder.npy, test-nilpy#src:test/test_nilpy_from_import_as_alias.npy
2026-08-09T11:13:42Z	plexus	85179011f728ce7fde4a1199d30d6694f73f7575	would NOT pin 85179011f728 — 1 red(s) not in the allowlist: test-nilpy#src:test/test_nilpy_delitem_dunder.npy
2026-08-09T14:04:37Z	plexus	dcfe7a6f8f0f4a13ca681a20a227e01a065efdf3	would NOT pin dcfe7a6f8f0f — 1 red(s) not in the allowlist: test-nilpy#src:test/test_nilpy_delitem_dunder.npy
2026-08-09T15:03:50Z	plexus	b207fb462640af957517a3f0074e6bdef722cc94	would NOT pin b207fb462640 — 2 red(s) not in the allowlist: optdiff#shard1/12, optdiff#shard2/12
2026-08-09T15:24:53Z	plexus	5b7b3691d7635249210b60f9e1c47b7be861d327	would NOT pin 5b7b3691d763 — 2 red(s) not in the allowlist: optdiff#shard1/12, optdiff#shard2/12
2026-08-09T15:44:09Z	plexus	21941dd4172f4c8679e0df711fe22e39c25d086f	would NOT pin 21941dd4172f — 2 red(s) not in the allowlist: optdiff#shard1/12, optdiff#shard2/12
2026-08-09T16:02:57Z	plexus	45bb70cc091a665a26059987649d4bae1d45d970	would NOT pin 45bb70cc091a — 2 red(s) not in the allowlist: optdiff#shard1/12, optdiff#shard2/12
2026-08-09T17:36:53Z	plexus	0c22cb258ef15654f4563841a84c68cb1eaaebcd	would NOT pin 0c22cb258ef1 — 2 red(s) not in the allowlist: optdiff#shard1/12, optdiff#shard2/12
2026-08-09T18:30:06Z	plexus	2228129b2c2e4e11edbc7b9314c0f0e724fffb0f	would NOT pin 2228129b2c2e — 2 red(s) not in the allowlist: optdiff#shard1/12, optdiff#shard2/12
2026-08-09T21:23:33Z	plexus	01a08d88371ed419ac58d487892da07c18c5d0ef	would NOT pin 01a08d88371e — 2 red(s) not in the allowlist: optdiff#shard1/12, optdiff#shard2/12
2026-08-10T05:45:00Z	plexus	fd3c4872cf1b44e974ad8c3b3f32b94660325a5e	would NOT pin fd3c4872cf1b — 2 red(s) not in the allowlist: optdiff#shard1/12, optdiff#shard2/12
2026-08-10T06:27:52Z	plexus	e89fdf8e1c2591d434e1eb7b8840e465a2e432c7	would-pin PENDING e89fdf8e1c25 — qualifies, streak 1/2
2026-08-10T08:16:29Z	plexus	72f0f93e917a0cd5f1c7edee3f866b483c1bf24d	WOULD PIN 72f0f93e917a — 0 red(s), all allowlisted, self-host clean, streak 2/2
2026-08-10T09:52:08Z	plexus	c91f35fd083229beefb237e287643635c7da3cee	WOULD PIN c91f35fd0832 — 0 red(s), all allowlisted, self-host clean, streak 3/2
2026-08-10T10:49:19Z	plexus	71929a82deb790952425309f4df92c8840a540c7	WOULD PIN 71929a82deb7 — 0 red(s), all allowlisted, self-host clean, streak 4/2
2026-08-10T11:15:45Z	plexus	bedf2adeb35028000f962222bae1fee839d4a84d	WOULD PIN bedf2adeb350 — 0 red(s), all allowlisted, self-host clean, streak 5/2
2026-08-10T11:50:44Z	plexus	ecae564388420c2f83fdf5d8965fe903a7734034	WOULD PIN ecae56438842 — 0 red(s), all allowlisted, self-host clean, streak 6/2
2026-08-10T13:10:43Z	plexus	e5f051ba741fb816b5f60378204deb39b5e81b8b	WOULD PIN e5f051ba741f — 0 red(s), all allowlisted, self-host clean, streak 7/2
2026-08-10T13:46:50Z	plexus	49d857734e21f2301ed750c23fd3fe2e87b2bd28	WOULD PIN 49d857734e21 — 0 red(s), all allowlisted, self-host clean, streak 8/2
2026-08-10T14:23:12Z	plexus	99e8d017ee11ecbd695d16e1b5b46b9eab2e2b03	WOULD PIN 99e8d017ee11 — 0 red(s), all allowlisted, self-host clean, streak 9/2
2026-08-10T16:53:23Z	plexus	e339fec78024a56776571ad6256cea1a5e803c0d	WOULD PIN e339fec78024 — 0 red(s), all allowlisted, self-host clean, streak 10/2
2026-08-10T18:21:16Z	plexus	94ea96c21c614a6ba5c43bce0d02df3d93c9fa56	WOULD PIN 94ea96c21c61 — 0 red(s), all allowlisted, self-host clean, streak 11/2
2026-08-10T19:18:04Z	plexus	b7400c664dd2888dd008edfb86a05860784f695d	WOULD PIN b7400c664dd2 — 0 red(s), all allowlisted, self-host clean, streak 12/2
2026-08-10T20:10:41Z	plexus	3f59ca8d2d46068cbd275d2e6d1ae378aea3df4e	WOULD PIN 3f59ca8d2d46 — 0 red(s), all allowlisted, self-host clean, streak 13/2
2026-08-10T20:50:13Z	plexus	0a7bc44b59cd8004da0a25ad487bd1c7f09748a1	WOULD PIN 0a7bc44b59cd — 0 red(s), all allowlisted, self-host clean, streak 14/2
2026-08-10T21:45:46Z	plexus	d8cf13ae828b8758098dc3a09aa705d0fb436800	WOULD PIN d8cf13ae828b — 0 red(s), all allowlisted, self-host clean, streak 15/2
2026-08-10T23:43:59Z	plexus	a780dd560d74f92baa4e307cd3618ff9d2e15598	WOULD PIN a780dd560d74 — 0 red(s), all allowlisted, self-host clean, streak 16/2
2026-08-11T00:14:09Z	plexus	956b43b247f2c38396f3f4fd70045c227bdc4b8d	WOULD PIN 956b43b247f2 — 0 red(s), all allowlisted, self-host clean, streak 17/2
2026-08-11T00:44:04Z	plexus	3c08f2271d684d4387eec3619aa12b6616fa4dd0	WOULD PIN 3c08f2271d68 — 0 red(s), all allowlisted, self-host clean, streak 18/2
2026-08-11T01:19:35Z	plexus	5b87bab20719076fb44cf629792132397197bab4	WOULD PIN 5b87bab20719 — 0 red(s), all allowlisted, self-host clean, streak 19/2
2026-08-11T01:54:05Z	plexus	3650314233d33d224e8677d9f0a931057d2e90f0	WOULD PIN 3650314233d3 — 0 red(s), all allowlisted, self-host clean, streak 20/2
2026-08-11T02:50:09Z	plexus	a37f78681518be8006fd0c1c6d9835420e485c71	would NOT pin a37f78681518 — 1 red(s) not in the allowlist: test-uforth#00
2026-08-11T03:30:25Z	plexus	b76abf22bd467816f09ba43adcf5e99e535a8551	would NOT pin b76abf22bd46 — 1 red(s) not in the allowlist: test-uforth#00
2026-08-11T04:57:55Z	plexus	a882db96c6c01f1378502f1abdce0a1047c0a3b1	would NOT pin a882db96c6c0 — 1 red(s) not in the allowlist: test-uforth#00
2026-08-11T06:16:10Z	plexus	d10a982af010902a26c251d1d054ce8aaea85a62	would NOT pin d10a982af010 — 1 red(s) not in the allowlist: test-uforth#00
2026-08-11T06:47:24Z	plexus	b1249395dafd9e4cf493196dda2b2d1b2237dcea	would NOT pin b1249395dafd — 1 red(s) not in the allowlist: test-uforth#00
2026-08-11T07:08:12Z	plexus	c12f9893f095c1b345c464cd4a7ab6d76f589fc2	would-pin PENDING c12f9893f095 — qualifies, streak 1/2
2026-08-11T08:43:41Z	plexus	d3be1cd0707af35b7b603f599bcca2edbce8318a	WOULD PIN d3be1cd0707a — 0 red(s), all allowlisted, self-host clean, streak 2/2
2026-08-11T09:20:53Z	plexus	ddb27c275be249fe3692bf00f330016bc7706ae6	WOULD PIN ddb27c275be2 — 0 red(s), all allowlisted, self-host clean, streak 3/2
2026-08-11T09:49:54Z	plexus	89af357357189ae8e15f636afcf90c4c8fcc9051	WOULD PIN 89af35735718 — 0 red(s), all allowlisted, self-host clean, streak 4/2
2026-08-11T10:32:11Z	plexus	c87ffba969454389d78afe3a739ef4c497bf2845	WOULD PIN c87ffba96945 — 0 red(s), all allowlisted, self-host clean, streak 5/2
2026-08-11T11:01:59Z	plexus	e715e058450546489bffa72b0a289bc5e51d4e1f	WOULD PIN e715e0584505 — 0 red(s), all allowlisted, self-host clean, streak 6/2
2026-08-11T11:36:40Z	plexus	5de94dbec1062713dd80d0a3d0a1910489214e58	WOULD PIN 5de94dbec106 — 0 red(s), all allowlisted, self-host clean, streak 7/2
2026-08-11T12:06:20Z	plexus	2d224ebd66a0c8a4272b8b5744db9847e144b34d	WOULD PIN 2d224ebd66a0 — 0 red(s), all allowlisted, self-host clean, streak 8/2
2026-08-11T12:35:23Z	plexus	1375a7eaef0fa9fcf041560fee68dee8a820b156	WOULD PIN 1375a7eaef0f — 0 red(s), all allowlisted, self-host clean, streak 9/2
2026-08-11T13:15:04Z	plexus	f27a3259505c4c7d6224a02becc82b59ff48c0e4	WOULD PIN f27a3259505c — 0 red(s), all allowlisted, self-host clean, streak 10/2
2026-08-11T14:32:02Z	plexus	0cfd86be6c40fc75ed2154b9a0fa01c00a0f8200	WOULD PIN 0cfd86be6c40 — 0 red(s), all allowlisted, self-host clean, streak 11/2
2026-08-11T14:58:00Z	plexus	179ab0fd481a799f4aa00a27823487d262c7cd43	WOULD PIN 179ab0fd481a — 0 red(s), all allowlisted, self-host clean, streak 12/2
2026-08-11T15:22:38Z	plexus	1413b872ee6275bf36f56cfb8e3a63417c4577d3	WOULD PIN 1413b872ee62 — 0 red(s), all allowlisted, self-host clean, streak 13/2
2026-08-11T18:46:50Z	plexus	8952f7b1d90c87551ed7f785c2d8116272bc234d	WOULD PIN 8952f7b1d90c — 0 red(s), all allowlisted, self-host clean, streak 14/2
2026-08-12T08:46:36Z	plexus	185f70d7b0f03c1930b76206cd7b3fe7a76033cb	WOULD PIN 185f70d7b0f0 — 0 red(s), all allowlisted, self-host clean, streak 14/2
2026-08-12T09:22:30Z	plexus	8362883e9743be8d8a6b182f08f83731ce6f7f3c	WOULD PIN 8362883e9743 — 0 red(s), all allowlisted, self-host clean, streak 15/2
2026-08-12T10:02:09Z	plexus	4cc5a96fe2f92f5468a963fde81b0af9ee9e9807	WOULD PIN 4cc5a96fe2f9 — 0 red(s), all allowlisted, self-host clean, streak 16/2
2026-08-12T10:39:17Z	plexus	60f3cad7da49f01e3307c3a34b0fdcd8597b3b8f	WOULD PIN 60f3cad7da49 — 0 red(s), all allowlisted, self-host clean, streak 17/2
2026-08-12T11:16:29Z	plexus	202cfb1f6d0c86532d46c85c09b6c6eea6a97a1f	WOULD PIN 202cfb1f6d0c — 0 red(s), all allowlisted, self-host clean, streak 18/2
2026-08-12T12:04:05Z	plexus	65fdd0a6fd3f4862acbeb8a41fdc527a470e59a7	WOULD PIN 65fdd0a6fd3f — 0 red(s), all allowlisted, self-host clean, streak 19/2
2026-08-13T06:04:44Z	plexus	8e5ed5e8b075ce7dc15326f45f9f82a18a96dfde	WOULD PIN 8e5ed5e8b075 — 0 red(s), all allowlisted, self-host clean, streak 20/2
2026-08-13T07:17:27Z	plexus	4636171e082162674ea611aca6871828e730d6f3	would NOT pin 4636171e0821 — 1 red(s) not in the allowlist: test-core#src:test/test_conformance_1.pas
2026-08-13T08:29:38Z	plexus	fbf50755c1d4ed83fcb9e4ab02c8a3a8da7c82c6	would NOT pin fbf50755c1d4 — 1 red(s) not in the allowlist: test-core#src:test/test_conformance_1.pas
2026-08-13T10:00:14Z	plexus	95b246618f703234b4c3c8fbac2832d5aa79f9c2	would-pin PENDING 95b246618f70 — qualifies, streak 1/2
2026-08-13T10:32:54Z	plexus	f253eaa405a15e2bb1a7fd20f0ab6971f65c2741	WOULD PIN f253eaa405a1 — 0 red(s), all allowlisted, self-host clean, streak 2/2
2026-08-13T11:52:59Z	plexus	5acdd021f6a0cfc87ceace0b6efa579c3d672cbc	WOULD PIN 5acdd021f6a0 — 0 red(s), all allowlisted, self-host clean, streak 3/2
2026-08-13T12:55:07Z	plexus	67015a8cf7d83b33d76eb9867abe59d78f27f6a9	would NOT pin 67015a8cf7d8 — 4 red(s) not in the allowlist: test-core#src:test/test_nilpy_c_define_const.npy, test-core#src:test/test_nilpy_c_pointer.npy, test-nilpy#src:test/test_nilpy_import_sqlite.npy, test-nilpy#src:test/test_nilpy_sqlite_crud.npy
2026-08-13T13:15:16Z	plexus	c3bcaf9a4e08faee32b505637320e47528f3b840	would NOT pin c3bcaf9a4e08 — 4 red(s) not in the allowlist: test-core#src:test/test_nilpy_c_define_const.npy, test-core#src:test/test_nilpy_c_pointer.npy, test-nilpy#src:test/test_nilpy_import_sqlite.npy, test-nilpy#src:test/test_nilpy_sqlite_crud.npy
2026-08-13T13:43:26Z	plexus	1ca15d0e68c528203819879bcfad4ed4ac8808a4	would-pin PENDING 1ca15d0e68c5 — qualifies, streak 1/2
2026-08-13T14:10:20Z	plexus	d325e6b3748f5fd05521a05f4aca70e4022cad90	WOULD PIN d325e6b3748f — 0 red(s), all allowlisted, self-host clean, streak 2/2
2026-08-13T15:55:43Z	plexus	36442397288fe5b6fe40c1291cd22ba9b510fd9e	WOULD PIN 36442397288f — 0 red(s), all allowlisted, self-host clean, streak 3/2
2026-08-13T16:49:33Z	plexus	e1fa561d3866e4b193da43d13682ec0958104ee9	WOULD PIN e1fa561d3866 — 0 red(s), all allowlisted, self-host clean, streak 4/2
2026-08-13T19:00:08Z	plexus	7a3f93c5f7ebf9d06a25bf498db1bde42e1beded	WOULD PIN 7a3f93c5f7eb — 0 red(s), all allowlisted, self-host clean, streak 5/2
2026-08-13T20:31:20Z	plexus	be7f80936b0c0c95afadcb4d093ae8ba95ecea1c	would NOT pin be7f80936b0c — 4 red(s) not in the allowlist: test-arm32#src:examples/net/httpdemo.pas, test-core#src:test/test_uses_order_pylib_exception_a.pas, test-i386#src:examples/net/httpdemo.pas, test-nilpy#src:test/test_uses_order_pylib_exception_a.pas
2026-08-13T23:24:37Z	plexus	30dc68bc02bb5fe4dfc84187ffe2644f99763f94	would NOT pin 30dc68bc02bb — 2 red(s) not in the allowlist: test-core#src:examples/tk/callbacks.npy, test-nilpy#src:examples/tk/callbacks.npy
2026-08-14T05:58:09Z	plexus	be5520236571f866a54ab32d01a11a7fd37eb858	would-pin PENDING be5520236571 — qualifies, streak 1/2
2026-08-14T06:30:41Z	plexus	3c096175d5d7f5e6dbac4287e2cf7f880690ee79	WOULD PIN 3c096175d5d7 — 0 red(s), all allowlisted, self-host clean, streak 2/2
2026-08-14T06:54:33Z	plexus	618371ac365d221ab1dfb01bbc04b417dc8f74b3	WOULD PIN 618371ac365d — 0 red(s), all allowlisted, self-host clean, streak 3/2
2026-08-14T08:14:02Z	plexus	e44da6c5e6a2f8de4083e8d418d7ee1d5e3a5d4c	WOULD PIN e44da6c5e6a2 — 0 red(s), all allowlisted, self-host clean, streak 4/2
2026-08-14T09:57:55Z	plexus	0e72359074a6015925116e7a2ee841f83a8be5ca	WOULD PIN 0e72359074a6 — 0 red(s), all allowlisted, self-host clean, streak 5/2
2026-08-15T08:39:48Z	plexus	4c9da77f9368ee00abe9614ae864cee612275db6	would NOT pin 4c9da77f9368 — 2 red(s) not in the allowlist: test-nilpy#src:test/test_nilpy_builtin_over_variant_receiver.npy, test-nilpy#src:test/test_nilpy_lambda_in_range_comprehension.npy
2026-08-15T10:40:12Z	plexus	9c5adbed5933720b035fa4fd6545c822c9ae1014	would NOT pin 9c5adbed5933 — 4 red(s) not in the allowlist: test-core#src:test/test_nilpy_star_methods_and_targets.npy, test-nilpy#src:test/test_nilpy_builtin_over_variant_receiver.npy, test-nilpy#src:test/test_nilpy_lambda_in_range_comprehension.npy, test-nilpy#src:test/test_nilpy_star_methods_and_targets.npy
2026-08-15T11:50:01Z	plexus	dbed942785d0b198fb6be044ab6ee85920e50fa7	would NOT pin dbed942785d0 — 4 red(s) not in the allowlist: test-core#src:test/test_nilpy_star_methods_and_targets.npy, test-nilpy#src:test/test_nilpy_builtin_over_variant_receiver.npy, test-nilpy#src:test/test_nilpy_lambda_in_range_comprehension.npy, test-nilpy#src:test/test_nilpy_star_methods_and_targets.npy
2026-08-15T14:35:51Z	plexus	0d8e7393a09c2c36c8cdb2d2816d037a02ce16a9	would NOT pin 0d8e7393a09c — 2 red(s) not in the allowlist: test-nilpy#src:test/test_nilpy_builtin_over_variant_receiver.npy, test-nilpy#src:test/test_nilpy_lambda_in_range_comprehension.npy
2026-08-15T15:21:20Z	plexus	36d1bffda39d58099b403745c48b95cd8c1d7c58	would NOT pin 36d1bffda39d — 40 red(s) not in the allowlist: test-core#src:test/test_basic_comprehensive.bas, test-core#src:test/test_c_cross_ns_arity_fail.pas, test-core#src:test/test_c_crypt.pas, test-core#src:test/test_c_define_const.pas, test-core#src:test/test_c_dlopen.pas
2026-08-15T18:52:41Z	plexus	c8f5070671bec5a125a793077cdb0f990aa28cd1	would NOT pin c8f5070671be — 9 red(s) not in the allowlist: test-nilpy#src:test/test_cpyext_args_errors.npy, test-nilpy#src:test/test_cpyext_containers.npy, test-nilpy#src:test/test_cpyext_cython.npy, test-nilpy#src:test/test_cpyext_errformat.npy, test-nilpy#src:test/test_cpyext_hello.npy
2026-08-15T22:24:30Z	plexus	343a52551808e14463db6ff315dc6d79b8624bfd	would NOT pin 343a52551808 — 17 red(s) not in the allowlist: test-nilpy#src:test/test_nilpy_encode.npy, test-nilpy#src:test/test_nilpy_encode_decode_codecs.npy, test-nilpy#src:test/test_nilpy_intrinsic_result_chain.npy, test-nilpy#src:test/test_nilpy_math_domain_errors.npy, test-nilpy#src:test/test_nilpy_math_log.npy
2026-08-16T02:28:54Z	plexus	abe33f68d59b2e064366b20718dc63a320f74f43	would NOT pin abe33f68d59b — 3 red(s) not in the allowlist: test-nilpy#src:test/test_nilpy_math_domain_errors.npy, test-nilpy#src:test/test_nilpy_math_log.npy, test-uforth#blocktest
2026-08-16T04:10:50Z	plexus	e01894e6b1ed92303bcbe65e941391be5afba9c0	would NOT pin e01894e6b1ed — 2 red(s) not in the allowlist: test-nilpy#src:test/test_nilpy_math_domain_errors.npy, test-nilpy#src:test/test_nilpy_math_log.npy
2026-08-16T06:25:38Z	plexus	137a182ad46aef8f5890771d223573832747c033	would NOT pin 137a182ad46a — 3 red(s) not in the allowlist: lib-test#src:tools/crtl_reachability.py, test-nilpy#src:test/test_nilpy_math_domain_errors.npy, test-nilpy#src:test/test_nilpy_math_log.npy
2026-08-16T09:13:21Z	plexus	459e96f985d1588fac20836b151341cf7e967a61	would NOT pin 459e96f985d1 — 6 red(s) not in the allowlist: lib-test#src:test/lib_classes_tthread.pas, lib-test#src:test/lib_tls.pas, test-i386#src:examples/net/httpdemo.pas, test-nilpy#src:test/test_nilpy_int_promotion_default.npy, test-nilpy#src:test/test_nilpy_math_domain_errors.npy
2026-08-16T11:09:17Z	plexus	096da361dd93823dc6aa56f7a344de5f343127ec	would NOT pin 096da361dd93 — 2 red(s) not in the allowlist: lib-test#src:test/crtl_exp2.c, test-nilpy#src:test/test_nilpy_pow_matches_cpython.npy
2026-08-16T11:44:34Z	plexus	42e147157b60dcab72e7d51391cca2c72b03512c	would NOT pin 42e147157b60 — 2 red(s) not in the allowlist: lib-test#src:test/crtl_exp2.c, test-nilpy#src:test/test_nilpy_pow_matches_cpython.npy
2026-08-16T12:53:09Z	plexus	7111221470d48e442debaec2419e7c059ef9bfb7	would NOT pin 7111221470d4 — 2 red(s) not in the allowlist: lib-test#src:test/crtl_exp2.c, test-nilpy#src:test/test_nilpy_pow_matches_cpython.npy
2026-08-16T13:49:13Z	plexus	1a181203b094a9f4c12e12de8a12723c9ff560fa	would NOT pin 1a181203b094 — 2 red(s) not in the allowlist: lib-test#src:test/crtl_exp2.c, test-nilpy#src:test/test_nilpy_pow_matches_cpython.npy
2026-08-16T14:41:49Z	plexus	ce2ac81770a1f9ea4d8ed48d642a87da3dba54a7	would NOT pin ce2ac81770a1 — 2 red(s) not in the allowlist: lib-test#src:test/crtl_exp2.c, test-nilpy#src:test/test_nilpy_pow_matches_cpython.npy
2026-08-16T16:22:25Z	plexus	d378698226501ff2024d43bea1394fddea60e8ec	would NOT pin d37869822650 — 2 red(s) not in the allowlist: lib-test#src:test/crtl_exp2.c, test-nilpy#src:test/test_nilpy_pow_matches_cpython.npy
2026-08-16T17:35:35Z	plexus	b156e9c145fd512af303eb3ef5dcfeb38256f678	would NOT pin b156e9c145fd — 2 red(s) not in the allowlist: lib-test#src:test/crtl_exp2.c, lib-test#src:test/lib_tls.pas
2026-08-16T18:42:27Z	plexus	d91b82d6516b8c77ee5e50205dba84901c235fb0	would-pin PENDING d91b82d6516b — qualifies, streak 1/2
2026-08-17T15:39:11Z	plexus	eda43dea7629d94058a698e709908e31f3b74275	would NOT pin eda43dea7629 — 1 red(s) not in the allowlist: lib-test#src:test/crtl_exp2.c
2026-08-17T21:48:59Z	plexus	8f629af386321e43a837f6e76fbec995da30c3bf	would NOT pin 8f629af38632 — 2 red(s) not in the allowlist: lib-test#src:test/crtl_exp2.c, test-nilpy#src:examples/tk/callbacks.npy
2026-08-18T03:10:52Z	plexus	e0f6748717e67d50d39ca5fc04057814575c4890	would NOT pin e0f6748717e6 — 2 red(s) not in the allowlist: lib-test#src:test/crtl_exp2.c, test-nilpy#src:examples/tk/callbacks.npy
2026-08-18T04:23:37Z	plexus	61e2448bac6d3f61657fb54a746d3e33d2ad96fc	would NOT pin 61e2448bac6d — 11 red(s) not in the allowlist: lib-test#src:test/crtl_exp2.c, test-aarch64#src:test/test_set_runtime.pas, test-arm32#src:test/test_set_runtime.pas, test-core#src:test/test_nested_class_type_b348.pas, test-core#src:test/test_set_literal_element_types.pas
2026-08-18T05:04:33Z	plexus	5b43ad800d239d8839d4efa18793bc86ee5fc867	would NOT pin 5b43ad800d23 — 2 red(s) not in the allowlist: lib-test#src:test/crtl_exp2.c, test-nilpy#src:examples/tk/callbacks.npy
2026-08-18T06:41:03Z	plexus	8a7418902cf4075eb484343b12a47a00dc911810	would NOT pin 8a7418902cf4 — 2 red(s) not in the allowlist: lib-test#src:test/crtl_exp2.c, test-nilpy#src:examples/tk/callbacks.npy
2026-08-18T12:52:56Z	plexus	118c4c42a5b3c4d142614778c8eec5900361cee2	would NOT pin 118c4c42a5b3 — 1 red(s) not in the allowlist: lib-test#src:test/crtl_exp2.c
2026-08-18T18:56:32Z	plexus	9cd170aec1c3ba84c0abec2a2f20b870b5a77a3b	would NOT pin 9cd170aec1c3 — 1 red(s) not in the allowlist: lib-test#src:test/crtl_exp2.c
2026-08-18T19:59:43Z	plexus	df15ae3fe1dcc21de6db6634f2a271b61aa24764	would NOT pin df15ae3fe1dc — 1 red(s) not in the allowlist: lib-test#src:test/crtl_exp2.c
2026-08-18T22:04:25Z	plexus	18bcb92ffb8b191e969ab5456eefc49d9abcb1e5	would NOT pin 18bcb92ffb8b — 1 red(s) not in the allowlist: lib-test#src:test/crtl_exp2.c
2026-08-19T00:53:31Z	plexus	9cc61eee29c83dde8c53e74729b3cea57afa6c04	would NOT pin 9cc61eee29c8 — 1 red(s) not in the allowlist: lib-test#src:test/crtl_exp2.c
2026-08-19T02:21:42Z	plexus	185575980d53326b3c943921d5dd829c62b1a3a9	would NOT pin 185575980d53 — 1 red(s) not in the allowlist: lib-test#src:test/crtl_exp2.c
2026-08-19T07:15:27Z	plexus	6070883b46e78cbb0d48d48985fa03eb3e01496e	would NOT pin 6070883b46e7 — 1 red(s) not in the allowlist: lib-test#src:test/lib_tls.pas
2026-08-19T08:19:24Z	plexus	c45ed0062491e1932d42ef28649480de95189281	would-pin PENDING c45ed0062491 — qualifies, streak 1/2
2026-08-19T10:31:57Z	plexus	9bfb7fcfac03a57516b6fe9a4d958526efab15c7	WOULD PIN 9bfb7fcfac03 — 0 red(s), all allowlisted, self-host clean, streak 2/2
2026-08-19T17:28:40Z	plexus	21f098e32a95be73bdeae3832aedfe65677292f7	would NOT pin 21f098e32a95 — 13 red(s) not in the allowlist: lib-test#src:test/lib_mimic_xml_etree_elementtree.npy, test-nilpy#src:test/test_cpyext_args_errors.npy, test-nilpy#src:test/test_cpyext_containers.npy, test-nilpy#src:test/test_cpyext_cython.npy, test-nilpy#src:test/test_cpyext_errformat.npy
2026-08-19T19:34:58Z	plexus	a15cb05fa9ce23eb569aa134d8ad1f32310f026c	would NOT pin a15cb05fa9ce — 10 red(s) not in the allowlist: lib-test#src:test/lib_mimic_xml_etree_elementtree.npy, test-nilpy#src:test/test_cpyext_args_errors.npy, test-nilpy#src:test/test_cpyext_containers.npy, test-nilpy#src:test/test_cpyext_cython.npy, test-nilpy#src:test/test_cpyext_errformat.npy
2026-08-19T22:29:45Z	plexus	2e8b284343a50c2ffeb9f9ae328b1615d7e2630a	would-pin PENDING 2e8b284343a5 — qualifies, streak 1/2
2026-08-19T23:23:18Z	plexus	49a511e43271b4341ab4007e62a8181bb9edfb5a	WOULD PIN 49a511e43271 — 9 red(s), none new, 9 inherited from the current pin, self-host clean, streak 2/2
2026-08-20T03:24:02Z	plexus	ad995742f8dbb929aba0c564b454d176f2b6c09d	would NOT pin ad995742f8db — self-host is not clean (never waivable)
2026-08-20T03:40:00Z	plexus	003d733936aa9bc279a77baeab9fda4b3c63000b	would NOT pin 003d733936aa — self-host is not clean (never waivable)
2026-08-20T03:50:31Z	plexus	57b9b7148d3290ac089cd9360c6e4553a4b44bfb	would NOT pin 57b9b7148d32 — self-host is not clean (never waivable)
2026-08-20T16:41:29Z	plexus	1b9b43e5b511d53e9fbe55f3366e6ce9158ee0b9	would NOT pin 1b9b43e5b511 — 8 red(s) the current pin does not have: lib-test#src:test/lib_mimic_xml_etree_elementtree.npy, test-c-conformance#shard1/6, test-c-conformance-aarch64#shard1/6, test-c-conformance-arm32#shard1/6, test-c-conformance-riscv32#shard1/6
2026-08-21T02:07:15Z	plexus	23becd24b8e5a952d29006a6efbab7e4a6068a0d	would NOT pin 23becd24b8e5 — 18 red(s) the current pin does not have: lib-test#src:test/lib_mimic_xml_etree_elementtree.npy, test-c-conformance#shard1/6, test-c-conformance-aarch64#shard1/6, test-c-conformance-arm32#shard1/6, test-c-conformance-riscv32#shard1/6
2026-08-22T00:45:55Z	plexus	98ed382022547bbe6624c779ee024a3ad1dea518	would NOT pin 98ed38202254 — 6 red(s) the current pin does not have, 3 inherited from the current pin: demos#00, lib-test#src:tools/crtl_reachability.py, test-core#src:test/fpcv.pas@2, test-core#src:test/test_c_gtk_call.pas, test-core#src:test/test_generic_inherit_delphi.pas
2026-08-22T21:01:34Z	plexus	fd93e4a71c37a7932b9ef73e4c9f8a7deceb3c34	would-pin PENDING fd93e4a71c37 — qualifies, streak 1/2
2026-08-24T04:28:41Z	plexus	aa9f0989a4c0847941f212d664495f8be96f2032	WOULD PIN aa9f0989a4c0 — 2 red(s), none new, 2 inherited from the current pin, self-host clean, streak 2/2
2026-08-25T20:32:11Z	plexus	44193e547f6d4ca77453770378b710d8af82f5df	would NOT pin 44193e547f6d — 4 red(s) the current pin does not have, 1 inherited from the current pin: test-aarch64#src:test/test_forin_member_access.pas, test-nilpy#src:test/test_nilpy_type_name_of_a_big_int.npy, test-pascal-conformance#shard5/6, test-uforth#core
2026-08-25T21:41:55Z	plexus	8f403875d51a23fab4ade0d297483904bd4e754f	would NOT pin 8f403875d51a — 4 red(s) the current pin does not have, 1 inherited from the current pin: test-aarch64#src:test/test_forin_member_access.pas, test-nilpy#src:test/test_nilpy_type_name_of_a_big_int.npy, test-pascal-conformance#shard5/6, test-uforth#core
2026-08-26T00:50:21Z	plexus	92f68eea3a90dfe9c4e9ab390421f28df01a902b	would NOT pin 92f68eea3a90 — 4 red(s) the current pin does not have, 1 inherited from the current pin: test-aarch64#src:test/test_forin_member_access.pas, test-nilpy#src:test/test_nilpy_type_name_of_a_big_int.npy, test-pascal-conformance#shard5/6, test-uforth#core
2026-08-26T02:06:45Z	plexus	43b46283325f668d6f2dfec5d07067a06c04dcc7	would NOT pin 43b46283325f — 1 red(s) the current pin does not have, 1 inherited from the current pin: test-aarch64#src:test/test_forin_member_access.pas
2026-08-26T07:38:34Z	plexus	99f1dc81a039d8785db504b9f9b8917cf4e59783	would NOT pin 99f1dc81a039 — 3 red(s) the current pin does not have: test-fpjson#src:tools/install_lib_candidates.sh, test-nilpy#src:test/test_nilpy_isinstance_over_a_type_value.npy, test-nilpy#src:test/test_nilpy_lowercase_name_vs_class.npy
2026-08-26T08:03:11Z	plexus	fffd29ea840d126f428af41a670b92779f89f4c3	would NOT pin fffd29ea840d — 3 red(s) the current pin does not have: test-fpjson#src:tools/install_lib_candidates.sh, test-nilpy#src:test/test_nilpy_isinstance_over_a_type_value.npy, test-nilpy#src:test/test_nilpy_lowercase_name_vs_class.npy
2026-08-26T08:51:30Z	plexus	c923cdf4d07590afefa2686bef60984617c2309d	would NOT pin c923cdf4d075 — 2 red(s) the current pin does not have: optdiff#shard1/12, test-fpjson#src:tools/install_lib_candidates.sh
2026-08-26T10:44:19Z	plexus	15f01d390e8039464ef5a4d3652f2ec836218389	would-pin PENDING 15f01d390e80 — qualifies, streak 1/2
2026-08-26T11:14:42Z	plexus	848a56a1b901927dc5c2c38f9ad455d4dc9cf708	WOULD PIN 848a56a1b901 — 1 red(s), none new, 1 inherited from the current pin, self-host clean, streak 2/2
2026-08-26T11:46:06Z	plexus	4854a70ab97d866ed7c22593ef418d194070cac7	WOULD PIN 4854a70ab97d — 1 red(s), none new, 1 inherited from the current pin, self-host clean, streak 3/2
2026-08-26T12:11:01Z	plexus	a81adc5accb1c3a62ef43a765d85323a26b25b4b	WOULD PIN a81adc5accb1 — 1 red(s), none new, 1 inherited from the current pin, self-host clean, streak 4/2
2026-08-26T12:55:39Z	plexus	902e53050f07ffcad5da54ffa67f190acbfb8f69	WOULD PIN 902e53050f07 — 0 red(s), none new, self-host clean, streak 5/2
2026-08-26T13:28:09Z	plexus	70f6a360f47529f3a61454e92331d3138b1a9c4d	would NOT pin 70f6a360f475 — 5 red(s) the current pin does not have: test-aarch64#src:test/test_parallel_for_capture_aggr.pas, test-arm32#src:test/test_parallel_for_capture_aggr.pas, test-core#src:test/test_char_array_is_a_string.pas, test-i386#src:test/test_parallel_for_capture_aggr.pas, test-threads#src:test/test_parallel_for_capture_aggr.pas
2026-08-26T13:53:33Z	plexus	9087a3a37cbe0612a83aa09cea81c91e22938983	would NOT pin 9087a3a37cbe — 5 red(s) the current pin does not have: test-aarch64#src:test/test_parallel_for_capture_aggr.pas, test-arm32#src:test/test_parallel_for_capture_aggr.pas, test-core#src:test/test_char_array_is_a_string.pas, test-i386#src:test/test_parallel_for_capture_aggr.pas, test-threads#src:test/test_parallel_for_capture_aggr.pas
2026-08-26T14:19:14Z	plexus	d3c1e87dce5b13d361f62b688e59aa27f5e3a59f	would NOT pin d3c1e87dce5b — 5 red(s) the current pin does not have: test-aarch64#src:test/test_parallel_for_capture_aggr.pas, test-arm32#src:test/test_parallel_for_capture_aggr.pas, test-core#src:test/test_char_array_is_a_string.pas, test-i386#src:test/test_parallel_for_capture_aggr.pas, test-threads#src:test/test_parallel_for_capture_aggr.pas
2026-08-26T14:44:50Z	plexus	6e75e27b5ad77bfeac758121be3dd69f1b971a3b	would NOT pin 6e75e27b5ad7 — 5 red(s) the current pin does not have: test-aarch64#src:test/test_parallel_for_capture_aggr.pas, test-arm32#src:test/test_parallel_for_capture_aggr.pas, test-core#src:test/test_char_array_is_a_string.pas, test-i386#src:test/test_parallel_for_capture_aggr.pas, test-threads#src:test/test_parallel_for_capture_aggr.pas
2026-08-26T15:10:42Z	plexus	abd96021126b0a6eb698183c016c3169c577dfd7	would NOT pin abd96021126b — 5 red(s) the current pin does not have: test-aarch64#src:test/test_parallel_for_capture_aggr.pas, test-arm32#src:test/test_parallel_for_capture_aggr.pas, test-core#src:test/test_char_array_is_a_string.pas, test-i386#src:test/test_parallel_for_capture_aggr.pas, test-threads#src:test/test_parallel_for_capture_aggr.pas
2026-08-26T15:36:12Z	plexus	3fe59c874c351e9bd2c60bdfe1bd23c17fac348b	would NOT pin 3fe59c874c35 — 5 red(s) the current pin does not have: test-aarch64#src:test/test_parallel_for_capture_aggr.pas, test-arm32#src:test/test_parallel_for_capture_aggr.pas, test-core#src:test/test_char_array_is_a_string.pas, test-i386#src:test/test_parallel_for_capture_aggr.pas, test-threads#src:test/test_parallel_for_capture_aggr.pas
2026-08-26T16:08:15Z	plexus	23e3ba7435cc240ee5824287f6d682714c625b22	would-pin PENDING 23e3ba7435cc — qualifies, streak 1/2
2026-08-26T16:34:37Z	plexus	90892318c94c71922d879eddd89061bd22e9a7e8	WOULD PIN 90892318c94c — 0 red(s), none new, self-host clean, streak 2/2
2026-08-26T17:07:14Z	plexus	b4d62b3dcfde3189556650457d574c72a975c90f	would NOT pin b4d62b3dcfde — 2 red(s) the current pin does not have: test-core#src:test/test_arrayofconst_to_method_b287.pas, test-nilpy#src:test/test_nilpy_star_unpack_into_a_collecting_callee.npy
2026-08-26T17:46:48Z	plexus	b7b41847c7580a7abf81829b6450c3e6a8a5ad30	would NOT pin b7b41847c758 — 2 red(s) the current pin does not have: test-core#src:test/test_arrayofconst_to_method_b287.pas, test-nilpy#src:test/test_nilpy_star_unpack_into_a_collecting_callee.npy
2026-08-26T18:18:36Z	plexus	8e78afd6e5cebfa3e0976e36ff716e37ff63efc4	would NOT pin 8e78afd6e5ce — 2 red(s) the current pin does not have: test-core#src:test/test_arrayofconst_to_method_b287.pas, test-nilpy#src:test/test_nilpy_star_unpack_into_a_collecting_callee.npy
2026-08-26T20:22:06Z	plexus	ee5906d0b4b64b99f6a458790dbb9f33eeab4719	would NOT pin ee5906d0b4b6 — 2 red(s) the current pin does not have: test-core#src:test/test_arrayofconst_to_method_b287.pas, test-nilpy#src:test/test_nilpy_star_unpack_into_a_collecting_callee.npy
2026-08-26T20:47:52Z	plexus	bc591b4f4ca75318ae63804617f66d036751b0ed	would NOT pin bc591b4f4ca7 — 2 red(s) the current pin does not have: test-core#src:test/test_arrayofconst_to_method_b287.pas, test-nilpy#src:test/test_nilpy_star_unpack_into_a_collecting_callee.npy
2026-08-26T21:13:16Z	plexus	a5b879a6893d4fba4284a7503c35cc2bd994aaec	would NOT pin a5b879a6893d — 1 red(s) the current pin does not have: test-nilpy#src:test/test_nilpy_star_unpack_into_a_collecting_callee.npy
2026-08-26T21:38:49Z	plexus	d8de831b8f9928cfc203d2a5573624674aea8402	would NOT pin d8de831b8f99 — 1 red(s) the current pin does not have: test-nilpy#src:test/test_nilpy_star_unpack_into_a_collecting_callee.npy
2026-08-27T00:26:00Z	plexus	2cd5f13617beac47bac1e801e907f408637b8533	would NOT pin 2cd5f13617be — 1 red(s) the current pin does not have: test-nilpy#src:test/test_nilpy_star_unpack_into_a_collecting_callee.npy
2026-08-27T01:04:44Z	plexus	33576b46c7271a9b845e4682eecdf2c099e9df6d	would NOT pin 33576b46c727 — 1 red(s) the current pin does not have: test-nilpy#src:test/test_nilpy_star_unpack_into_a_collecting_callee.npy
2026-08-27T01:33:54Z	plexus	b7bd58c416470d5401b83d6416d0c143eff5d38f	would NOT pin b7bd58c41647 — 1 red(s) the current pin does not have: test-nilpy#src:test/test_nilpy_star_unpack_into_a_collecting_callee.npy
2026-08-27T02:23:23Z	plexus	8d22db657f99ba84980258e7a0170b31eae1556d	would NOT pin 8d22db657f99 — 1 red(s) the current pin does not have: test-nilpy#src:test/test_nilpy_star_unpack_into_a_collecting_callee.npy
2026-08-27T02:55:39Z	plexus	1fccd96974e72e90ab6a0bf2806a4cfc95188663	would NOT pin 1fccd96974e7 — 1 red(s) the current pin does not have: test-nilpy#src:test/test_nilpy_star_unpack_into_a_collecting_callee.npy
2026-08-27T03:21:27Z	plexus	67a83ca0bb63256f534bc51d1cf6752e8ff7b950	would NOT pin 67a83ca0bb63 — 1 red(s) the current pin does not have: test-nilpy#src:test/test_nilpy_star_unpack_into_a_collecting_callee.npy
2026-08-27T03:47:30Z	plexus	97f96a5cc7664fb2521b3fa5d0bd5de681b6c0d2	would NOT pin 97f96a5cc766 — 2 red(s) the current pin does not have: test-core#src:test/test_pascal_cast_chain_method_call.pas, test-nilpy#src:test/test_nilpy_star_unpack_into_a_collecting_callee.npy
2026-08-27T04:27:54Z	plexus	839305290bb403c83e429f6330e327c95b3d05b7	would NOT pin 839305290bb4 — 2 red(s) the current pin does not have: test-core#src:test/test_pascal_cast_chain_method_call.pas, test-nilpy#src:test/test_nilpy_star_unpack_into_a_collecting_callee.npy
2026-08-27T04:54:14Z	plexus	c76e43e50c509d2367447ccf9e9bf3f9506b2bb7	would NOT pin c76e43e50c50 — 1 red(s) the current pin does not have: test-nilpy#src:test/test_nilpy_star_unpack_into_a_collecting_callee.npy
2026-08-27T05:26:55Z	plexus	e03794fb11a69b207d0125c82f6e2ba915650806	would NOT pin e03794fb11a6 — 1 red(s) the current pin does not have: test-nilpy#src:test/test_nilpy_star_unpack_into_a_collecting_callee.npy
2026-08-27T05:53:47Z	plexus	86f677fac8f95b55fa87395d42607965ec608212	would NOT pin 86f677fac8f9 — 1 red(s) the current pin does not have: test-nilpy#src:test/test_nilpy_star_unpack_into_a_collecting_callee.npy
2026-08-27T06:20:18Z	plexus	e2b4a9dfd9d6bb9b4b970a0e60f05901c491cc63	would NOT pin e2b4a9dfd9d6 — 1 red(s) the current pin does not have: test-nilpy#src:test/test_nilpy_star_unpack_into_a_collecting_callee.npy
2026-08-27T07:16:34Z	plexus	a366eb137b0e485b8810c53be6465efbfbbc7bca	would NOT pin a366eb137b0e — 1 red(s) the current pin does not have: test-nilpy#src:test/test_nilpy_star_unpack_into_a_collecting_callee.npy
2026-08-27T07:43:41Z	plexus	64f6819d38ffd7fde7754a490e4549e50031a153	would NOT pin 64f6819d38ff — 1 red(s) the current pin does not have: test-nilpy#src:test/test_nilpy_star_unpack_into_a_collecting_callee.npy
2026-08-27T08:20:24Z	plexus	d273b67ddd0f95b00bc36b5cdd96d69b2cb611b6	would NOT pin d273b67ddd0f — 1 red(s) the current pin does not have: test-nilpy#src:test/test_nilpy_star_unpack_into_a_collecting_callee.npy
2026-08-27T09:05:26Z	plexus	457bda75412e2e0f737309fabb75f1d7ab5c165b	would NOT pin 457bda75412e — 1 red(s) the current pin does not have: test-nilpy#src:test/test_nilpy_star_unpack_into_a_collecting_callee.npy
2026-08-27T09:35:00Z	plexus	32fba2082684be424a045b5154c8ba3f7abea053	would NOT pin 32fba2082684 — 2 red(s) the current pin does not have: test-emit-obj#src:test/cxtensa_obj.c@1, test-nilpy#src:test/test_nilpy_star_unpack_into_a_collecting_callee.npy
2026-08-27T10:22:42Z	plexus	192906caf7f7a3e6684dc720884da75061a5339b	would NOT pin 192906caf7f7 — 1 red(s) the current pin does not have: test-emit-obj#src:test/cxtensa_obj.c@1
2026-08-27T10:48:27Z	plexus	6b59df667fe46c9d6ceabcd6f0b5d6e8e400fa68	would NOT pin 6b59df667fe4 — 1 red(s) the current pin does not have: test-emit-obj#src:test/cxtensa_obj.c@1
2026-08-27T12:49:43Z	plexus	39d4afb022ce9a8f98f30f7a7202ccfa803b4d6f	would NOT pin 39d4afb022ce — 2 red(s) the current pin does not have, 1 inherited from the current pin: test-nilpy#src:test/test_nilpy_star_operand_in_a_variant.npy, test-nilpy#src:test/test_nilpy_variant_operand_arith_dunders.npy
2026-08-27T13:16:11Z	plexus	62a4242203a308e0cb9c46893976c45c29afcc7c	would NOT pin 62a4242203a3 — 2 red(s) the current pin does not have, 1 inherited from the current pin: test-nilpy#src:test/test_nilpy_star_operand_in_a_variant.npy, test-nilpy#src:test/test_nilpy_variant_operand_arith_dunders.npy
2026-08-27T15:14:25Z	plexus	8787cfe4235a9f6f869e8b365586bc1fce8c4a54	would NOT pin 8787cfe4235a — 1 red(s) the current pin does not have, 3 inherited from the current pin: tools-devtest#00
2026-08-27T15:45:35Z	plexus	652c3d891e861df9437edf4a0acb306931b82075	would NOT pin 652c3d891e86 — 1 red(s) the current pin does not have, 1 inherited from the current pin: tools-devtest#00
2026-08-27T17:17:36Z	plexus	a721ad7e5c58987ff7ae7c55c4c933e6484eddb5	would-pin PENDING a721ad7e5c58 — qualifies, streak 1/2
2026-08-27T17:44:18Z	plexus	186a4a5cb8a5cd5332d2bf3f1f56e4946d4cb3c9	WOULD PIN 186a4a5cb8a5 — 2 red(s), none new, 2 inherited from the current pin, self-host clean, streak 2/2
2026-08-27T19:35:32Z	plexus	71b410a349b669eb914dca2aebc6e1b19d6c2f2f	WOULD PIN 71b410a349b6 — 2 red(s), none new, 2 inherited from the current pin, self-host clean, streak 3/2
2026-08-27T20:09:39Z	plexus	8b2cc332791e5da7618f123cfb05f87b12bd13f3	WOULD PIN 8b2cc332791e — 2 red(s), none new, 2 inherited from the current pin, self-host clean, streak 4/2
2026-08-27T20:46:27Z	plexus	b898d0543fc8499facc66706257ff08d39195520	would NOT pin b898d0543fc8 — 2 red(s) the current pin does not have, 2 inherited from the current pin: test-nilpy#src:test/test_nilpy_parent_call_after_instantiation.npy, test-nilpy#src:test/test_nilpy_startswith_tuple.npy
2026-08-27T21:28:16Z	plexus	aca7f699288ebcd6343b0af26afdb73c12e85aa2	would NOT pin aca7f699288e — 2 red(s) the current pin does not have, 2 inherited from the current pin: test-nilpy#src:test/test_nilpy_parent_call_after_instantiation.npy, test-nilpy#src:test/test_nilpy_startswith_tuple.npy
2026-08-27T23:45:45Z	plexus	c52fc389fd976e2333282adc22a2ca49c7ee000f	would NOT pin c52fc389fd97 — 1 red(s) the current pin does not have, 4 inherited from the current pin: lib-test#src:test/lib_synapse.pas
2026-08-28T06:24:53Z	plexus	04fea146119af040ed73a195f82d9345d0ecf57a	would NOT pin 04fea146119a — 1 red(s) the current pin does not have, 4 inherited from the current pin: lib-test#src:test/lib_synapse.pas
2026-08-28T06:58:21Z	plexus	ac79a23da69507552f999262dbfc0f945c0d7d6b	would NOT pin ac79a23da695 — 1 red(s) the current pin does not have, 4 inherited from the current pin: lib-test#src:test/lib_synapse.pas
2026-08-28T07:26:16Z	plexus	642c7f467f4f1998bfbbd3f948ae63b8315f9dd4	would NOT pin 642c7f467f4f — 1 red(s) the current pin does not have, 4 inherited from the current pin: lib-test#src:test/lib_synapse.pas
2026-08-28T08:00:25Z	plexus	bfe4f144b5f29f1813ce4a75e442d116b1226632	would NOT pin bfe4f144b5f2 — 1 red(s) the current pin does not have, 4 inherited from the current pin: lib-test#src:test/lib_synapse.pas
2026-08-28T08:34:49Z	plexus	239bdf790d9316830ce5422eeb2d0b2d28fd92f0	would NOT pin 239bdf790d93 — 1 red(s) the current pin does not have, 4 inherited from the current pin: lib-test#src:test/lib_synapse.pas
2026-08-28T09:03:00Z	plexus	0903356895f06220e74163edab4005ddcdc8c380	would NOT pin 0903356895f0 — 1 red(s) the current pin does not have, 4 inherited from the current pin: lib-test#src:test/lib_synapse.pas
2026-08-28T09:29:21Z	plexus	0fbcbdebccd3443a0a6f37513f707a0ca0d205fa	would NOT pin 0fbcbdebccd3 — 1 red(s) the current pin does not have, 4 inherited from the current pin: lib-test#src:test/lib_synapse.pas
2026-08-28T15:55:22Z	plexus	8c0c9b366999a353a23bb797630a156c565043ae	would NOT pin 8c0c9b366999 — 1 red(s) the current pin does not have, 4 inherited from the current pin: lib-test#src:test/lib_synapse.pas
2026-08-28T16:35:49Z	plexus	2c554964222553b9ec764f48156d433690b7cd54	would NOT pin 2c5549642225 — 1 red(s) the current pin does not have, 4 inherited from the current pin: lib-test#src:test/lib_synapse.pas
2026-08-28T17:02:50Z	plexus	84ddb6fc1209bda4992d13bfded4319f12015880	would NOT pin 84ddb6fc1209 — 1 red(s) the current pin does not have, 4 inherited from the current pin: lib-test#src:test/lib_synapse.pas
2026-08-28T17:51:34Z	plexus	3da7c021783eaa8d09a23c0b4d964b7647085c0d	would NOT pin 3da7c021783e — 1 red(s) the current pin does not have, 4 inherited from the current pin: lib-test#src:test/lib_synapse.pas
2026-08-28T18:29:44Z	plexus	f27a727ee02aa4301b7a2565862e9baec4470c79	would NOT pin f27a727ee02a — 1 red(s) the current pin does not have, 4 inherited from the current pin: lib-test#src:test/lib_synapse.pas
2026-08-28T19:22:47Z	plexus	df301577799ddba5b5b5342f0924ffb7933fdf02	would NOT pin df301577799d — 1 red(s) the current pin does not have, 4 inherited from the current pin: lib-test#src:test/lib_synapse.pas
2026-08-28T19:52:22Z	plexus	16f94f957f64b5c1d96fb9208a8c230e15511fb0	would NOT pin 16f94f957f64 — 1 red(s) the current pin does not have, 4 inherited from the current pin: lib-test#src:test/lib_synapse.pas
2026-08-28T20:20:02Z	plexus	560951769ffc87c11d9015f0194d6951c5c68313	would NOT pin 560951769ffc — 1 red(s) the current pin does not have, 4 inherited from the current pin: lib-test#src:test/lib_synapse.pas
2026-08-28T20:46:42Z	plexus	eb1b200ee92fdaeef2c60d1b90237a75beec739d	would NOT pin eb1b200ee92f — 1 red(s) the current pin does not have, 4 inherited from the current pin: lib-test#src:test/lib_synapse.pas
2026-08-29T15:02:32Z	plexus	7b67fb390e211e23b9994f1e3e3d243f3250d70d	would NOT pin 7b67fb390e21 — 1 red(s) the current pin does not have, 4 inherited from the current pin: lib-test#src:test/lib_synapse.pas
2026-08-29T15:38:49Z	plexus	49bd043061c193fcecc9d7b45e3b39d8f22cb490	would NOT pin 49bd043061c1 — 1 red(s) the current pin does not have, 4 inherited from the current pin: lib-test#src:test/lib_synapse.pas
2026-08-29T16:51:31Z	seven	154d1aa3fba6c0500271d12a8578158dc04975a7	would NOT pin 154d1aa3fba6 — 24 red(s) the current pin does not have: lib-test#src:test/lib_inttohex.pas@2, lib-test#src:test/test_dynlib.pas, test-aarch64#src:test/test_cdecl_indirect.pas, test-aarch64#src:test/test_extern_c.pas, test-aarch64#src:test/test_extern_c_float.pas
2026-08-29T18:57:08Z	seven	ee62e6dc0582f6a018102c4e1d1d9a083d7e4f32	would NOT pin ee62e6dc0582 — 8 red(s) the current pin does not have: lib-test#src:test/lib_synapse.pas, lib-test#src:tools/crtl_reachability.py, test-aarch64#src:test/test_parallel_reduction.pas, test-nilpy#src:test/test_nilpy_parent_call_after_instantiation.npy, test-nilpy#src:test/test_nilpy_relative_import_in_package.npy
2026-08-29T19:57:26Z	seven	7d3382f03453805e1db0d2d525df20af1038ec37	would NOT pin 7d3382f03453 — 1 red(s) the current pin does not have, 7 inherited from the current pin: test-threads#src:test/test_sched_reactor_exhaustion.pas
2026-08-29T20:23:52Z	seven	9beb2af4946c4fff367c09d4a411014c58e42fb4	would-pin PENDING 9beb2af4946c — qualifies, streak 1/2
2026-08-29T21:17:05Z	seven	b26e7ed366f37d1df21bb8595fc2c0d462db0949	would NOT pin b26e7ed366f3 — 3 red(s) the current pin does not have, 5 inherited from the current pin: demos#00, lib-test#src:tools/crtl_reachability.py, test-core#src:test/test_mgmt_operators.pas
2026-08-29T21:47:11Z	seven	30c06db1ae4e181fd0bb18d488b1c7cf6e224903	would NOT pin 30c06db1ae4e — 3 red(s) the current pin does not have, 5 inherited from the current pin: demos#00, test-core#src:test/test_mgmt_operators.pas, test-pascal-conformance#shard0/6
2026-08-29T22:05:13Z	seven	f2706f45eabe3c1418eb56eaebdeb832f3607cf6	would NOT pin f2706f45eabe — 3 red(s) the current pin does not have, 5 inherited from the current pin: demos#00, test-core#src:test/test_mgmt_operators.pas, test-pascal-conformance#shard0/6
2026-08-29T22:36:46Z	plexus	e46dbffaa80d8049ea895ba4d3d4337f3c499d86	would NOT pin e46dbffaa80d — 3 red(s) the current pin does not have, 1 inherited from the current pin: demos#00, test-core#src:test/test_mgmt_operators.pas, test-pascal-conformance#shard0/6
2026-08-29T23:11:40Z	seven	64758a5c233eeebadff032bcc351eacd1bd22878	would NOT pin 64758a5c233e — 1 red(s) the current pin does not have, 3 inherited from the current pin: test-pascal-conformance#shard0/6
2026-08-29T23:53:15Z	seven	d347a85d004ab4a9cb10362fa2718797657b7c22	would NOT pin d347a85d004a — 1 red(s) the current pin does not have, 3 inherited from the current pin: test-pascal-conformance#shard0/6
2026-08-30T00:11:10Z	seven	6a19b5333e0797c8d5de6aa9cfc6b3a20f4e1f7d	would NOT pin 6a19b5333e07 — 2 red(s) the current pin does not have, 3 inherited from the current pin: fpc-bootstrap#src:compiler/compiler.pas, test-pascal-conformance#shard0/6
2026-08-30T00:49:41Z	seven	bfec135343961cc33559d058bccc63e4c871eceb	would NOT pin bfec13534396 — 7 red(s) the current pin does not have, 3 inherited from the current pin: test-core#src:test/test_c_gtk.pas, test-core#src:test/test_c_gtk3_stock.pas, test-core#src:test/test_c_gtk_call.pas, test-core#src:test/test_c_gtk_types.pas, test-core#src:test/test_c_gtk_window.pas
2026-08-30T01:11:13Z	seven	0b6f1ffe94199b17e7d631a2a1b2b42fe7fc90a2	would NOT pin 0b6f1ffe9419 — 7 red(s) the current pin does not have, 3 inherited from the current pin: test-core#src:test/test_c_gtk.pas, test-core#src:test/test_c_gtk3_stock.pas, test-core#src:test/test_c_gtk_call.pas, test-core#src:test/test_c_gtk_types.pas, test-core#src:test/test_c_gtk_window.pas
2026-08-30T01:36:24Z	seven	de276c8f58169c38042095b811542275beca3911	would NOT pin de276c8f5816 — 6 red(s) the current pin does not have, 3 inherited from the current pin: test-core#src:test/test_c_gtk.pas, test-core#src:test/test_c_gtk3_stock.pas, test-core#src:test/test_c_gtk_call.pas, test-core#src:test/test_c_gtk_types.pas, test-core#src:test/test_c_gtk_window.pas
2026-08-30T02:01:33Z	seven	3f854c927aac573880d9454f8a77c8ba76f5f45e	would NOT pin 3f854c927aac — 6 red(s) the current pin does not have, 3 inherited from the current pin: test-core#src:test/test_c_gtk.pas, test-core#src:test/test_c_gtk3_stock.pas, test-core#src:test/test_c_gtk_call.pas, test-core#src:test/test_c_gtk_types.pas, test-core#src:test/test_c_gtk_window.pas
2026-08-30T02:33:16Z	seven	0200df7eabcd33796c0f7ac151b80aafbf75b5fb	would NOT pin 0200df7eabcd — 4 red(s) the current pin does not have, 3 inherited from the current pin: test-nilpy#src:test/test_nilpy_max_min_iterables.npy, test-nilpy#src:test/test_nilpy_min_max_key_in_a_variable.npy, test-nilpy#src:test/test_nilpy_min_max_key_none.npy, test-pascal-conformance#shard0/6
2026-08-30T02:54:19Z	seven	b94f5190181bb07a09787d58f7204f1c53765fd5	would NOT pin b94f5190181b — 5 red(s) the current pin does not have, 3 inherited from the current pin: test-core#src:test/test_generic_arg_is_enclosing_template_param_objfpc.pas, test-nilpy#src:test/test_nilpy_max_min_iterables.npy, test-nilpy#src:test/test_nilpy_min_max_key_in_a_variable.npy, test-nilpy#src:test/test_nilpy_min_max_key_none.npy, test-threads#src:test/test_cmp_both_in_place.pas@2
2026-08-30T03:31:02Z	seven	9ced9bbc3e2d643dac51501c3324dc972ccdce7e	would NOT pin 9ced9bbc3e2d — 4 red(s) the current pin does not have, 3 inherited from the current pin: test-core#src:tools/expect_same.sh@276, test-nilpy#src:test/test_nilpy_max_min_iterables.npy, test-nilpy#src:test/test_nilpy_min_max_key_in_a_variable.npy, test-nilpy#src:test/test_nilpy_min_max_key_none.npy
2026-08-30T03:56:47Z	seven	cd152a0c90174da3af60a96ea6e24c4bcbaaf26c	would NOT pin cd152a0c9017 — 4 red(s) the current pin does not have, 3 inherited from the current pin: test-core#src:tools/expect_same.sh@276, test-nilpy#src:test/test_nilpy_max_min_iterables.npy, test-nilpy#src:test/test_nilpy_min_max_key_in_a_variable.npy, test-nilpy#src:test/test_nilpy_min_max_key_none.npy
2026-08-30T04:24:23Z	seven	e6802ca213b6bcbf54cf8669a61488533b6134fb	would NOT pin e6802ca213b6 — 3 red(s) the current pin does not have, 3 inherited from the current pin: test-nilpy#src:test/test_nilpy_max_min_iterables.npy, test-nilpy#src:test/test_nilpy_min_max_key_in_a_variable.npy, test-nilpy#src:test/test_nilpy_min_max_key_none.npy
2026-08-30T05:05:16Z	seven	7956dc38005eb5e9742410381a5cf5451d3720c2	would-pin PENDING 7956dc38005e — qualifies, streak 1/2
2026-08-30T05:23:14Z	seven	31198d3674dfe530aa0699f0eb775346a705410a	would NOT pin 31198d3674df — 2 red(s) the current pin does not have, 6 inherited from the current pin: test-asm#src:test/test_asm_emit_x64.pas, test-asm#src:test/test_x64enc.pas
2026-08-30T05:43:16Z	seven	97c5fba007f96db42b4f4a5698512b66355632df	would NOT pin 97c5fba007f9 — 5 red(s) the current pin does not have, 6 inherited from the current pin: test-asm#src:compiler/compiler.pas, test-asm#src:test/hello.pas, test-asm#src:test/test_asm_emit_x64.pas, test-asm#src:test/test_asmcore_x64.pas, test-asm#src:test/test_x64enc.pas
2026-08-30T06:11:08Z	seven	108ac182bed6cd40244fd24108d6664d6cf1b2f0	would NOT pin 108ac182bed6 — 5 red(s) the current pin does not have, 6 inherited from the current pin: test-asm#src:compiler/compiler.pas, test-asm#src:test/hello.pas, test-asm#src:test/test_asm_emit_rv32.pas, test-asm#src:test/test_asmcore_x64.pas, test-core#src:test/test_opt_store_reload.pas
2026-08-30T06:33:36Z	seven	3f7a58fd22e1561f9598249097f6a25445ca48db	would NOT pin 3f7a58fd22e1 — 4 red(s) the current pin does not have, 6 inherited from the current pin: test-asm#src:test/hello.pas, test-asm#src:test/test_asm_emit_rv32.pas, test-asm#src:test/test_asmcore_x64.pas, test-core#src:test/test_opt_store_reload.pas
2026-08-30T06:53:46Z	seven	c3fef8a5df4cea0a94b98e960fcaccbbe01a4414	would NOT pin c3fef8a5df4c — 4 red(s) the current pin does not have, 6 inherited from the current pin: test-asm#src:test/hello.pas, test-asm#src:test/test_asm_emit_rv32.pas, test-asm#src:test/test_asmcore_x64.pas, test-core#src:test/test_opt_store_reload.pas
2026-08-30T07:12:58Z	seven	023e802c88ea6cea923626d5bb974642b1536775	would NOT pin 023e802c88ea — 2 red(s) the current pin does not have, 5 inherited from the current pin: test-asm#src:test/test_asm_emit_rv32.pas, test-core#src:test/test_opt_store_reload.pas
2026-08-30T07:31:30Z	seven	4be27a5c7d0dfcdb63acca62d122da99d144bf54	would NOT pin 4be27a5c7d0d — 2 red(s) the current pin does not have, 5 inherited from the current pin: test-asm#src:test/test_asm_emit_rv32.pas, test-core#src:test/test_opt_store_reload.pas
2026-08-30T08:03:10Z	seven	4a8988d6ddf9583ec4df60339c4d29c0dd5fbac3	would NOT pin 4a8988d6ddf9 — 3 red(s) the current pin does not have, 4 inherited from the current pin: fpc-bootstrap#src:compiler/compiler.pas, test-asm#src:test/test_asm_emit_rv32.pas, test-core#src:test/test_opt_store_reload.pas
2026-08-30T08:24:32Z	seven	8fbee6e13141ee92fd49ee426a869540e20d1d65	would NOT pin 8fbee6e13141 — 3 red(s) the current pin does not have, 4 inherited from the current pin: fpc-bootstrap#src:compiler/compiler.pas, test-asm#src:test/test_asm_emit_rv32.pas, test-core#src:test/test_opt_store_reload.pas
2026-08-30T08:38:49Z	seven	f9bfcca974096943df450d704785adc4955fa938	would NOT pin f9bfcca97409 — 4 red(s) the current pin does not have, 3 inherited from the current pin: fpc-bootstrap#src:compiler/compiler.pas, test-asm#src:test/test_asm_emit_rv32.pas, test-core#src:test/test_object_reference.pas, test-core#src:test/test_opt_store_reload.pas
2026-08-30T08:56:10Z	seven	90501813d990aadc2e56a7502cb6a4bba1469acb	would NOT pin 90501813d990 — 2 red(s) the current pin does not have, 2 inherited from the current pin: test-asm#src:test/test_asm_emit_rv32.pas, test-core#src:test/test_opt_store_reload.pas
2026-08-30T09:10:23Z	seven	f6303d410d783b2cbfad4ba500bf86bfa1a53b6d	would NOT pin f6303d410d78 — 8 red(s) the current pin does not have, 2 inherited from the current pin: test-asm#src:test/test_asm_emit_rv32.pas, test-core#src:test/test_opt_store_reload.pas, test-pascal-conformance#shard0/6, test-pascal-conformance#shard1/6, test-pascal-conformance#shard2/6
2026-08-30T09:29:35Z	seven	12189db8df90d5fda4bd002d5d0367a4170c7862	would NOT pin 12189db8df90 — 8 red(s) the current pin does not have, 2 inherited from the current pin: test-asm#src:test/test_asm_emit_rv32.pas, test-core#src:test/test_opt_store_reload.pas, test-pascal-conformance#shard0/6, test-pascal-conformance#shard1/6, test-pascal-conformance#shard2/6
2026-08-30T09:43:11Z	seven	0386c7c34292b8d8183b269bbe5de6298825f35f	would NOT pin 0386c7c34292 — 8 red(s) the current pin does not have, 2 inherited from the current pin: test-asm#src:test/test_asm_emit_rv32.pas, test-core#src:test/test_opt_store_reload.pas, test-pascal-conformance#shard0/6, test-pascal-conformance#shard1/6, test-pascal-conformance#shard2/6
2026-08-30T09:55:00Z	seven	be6dbd7fba7e8428c6ffb2b64161af755559d910	would NOT pin be6dbd7fba7e — 8 red(s) the current pin does not have, 2 inherited from the current pin: test-asm#src:test/test_asm_emit_rv32.pas, test-core#src:test/test_opt_store_reload.pas, test-pascal-conformance#shard0/6, test-pascal-conformance#shard1/6, test-pascal-conformance#shard2/6
2026-08-30T10:24:09Z	plexus	27424c927b65789f7fa6b6444a6168baf4deed8d	would NOT pin 27424c927b65 — 8 red(s) the current pin does not have, 1 inherited from the current pin: test-asm#src:test/test_asm_emit_rv32.pas, test-core#src:test/test_opt_store_reload.pas, test-pascal-conformance#shard1/6, test-pascal-conformance#shard2/6, test-pascal-conformance#shard3/6
2026-08-30T10:58:08Z	seven	6c88a2afc82b3d5d8c4dfcc7b5060672b70d0be3	would NOT pin 6c88a2afc82b — 8 red(s) the current pin does not have, 2 inherited from the current pin: test-asm#src:test/test_asm_emit_rv32.pas, test-core#src:test/test_opt_store_reload.pas, test-pascal-conformance#shard0/6, test-pascal-conformance#shard1/6, test-pascal-conformance#shard2/6
2026-08-30T11:50:14Z	seven	e515f86f25c3416b0416558b7092c209b43fde07	would NOT pin e515f86f25c3 — 6 red(s) the current pin does not have, 2 inherited from the current pin: test-pascal-conformance#shard0/6, test-pascal-conformance#shard1/6, test-pascal-conformance#shard2/6, test-pascal-conformance#shard3/6, test-pascal-conformance#shard4/6
2026-08-30T12:15:02Z	seven	3fd296c6b38d6915db228d7950ab4de017da0c76	would NOT pin 3fd296c6b38d — 6 red(s) the current pin does not have, 2 inherited from the current pin: test-pascal-conformance#shard0/6, test-pascal-conformance#shard1/6, test-pascal-conformance#shard2/6, test-pascal-conformance#shard3/6, test-pascal-conformance#shard4/6
2026-08-30T12:53:53Z	seven	2ddc53676995aaf62eaed4c7ffdd80efa37f5fce	would NOT pin 2ddc53676995 — 1 red(s) the current pin does not have, 8 inherited from the current pin: test-asm#src:test/test_asm_emit_x64.pas
2026-08-30T13:07:47Z	seven	f278ddaca2327d69475f2c295a8220bf2655da38	would NOT pin f278ddaca232 — 1 red(s) the current pin does not have, 8 inherited from the current pin: test-asm#src:test/test_asm_emit_x64.pas
2026-08-30T13:21:38Z	seven	42fde2a7e02586c2452d9a64c1a3924a6cf5919f	would NOT pin 42fde2a7e025 — 1 red(s) the current pin does not have, 8 inherited from the current pin: test-asm#src:test/test_asm_emit_x64.pas
2026-08-30T13:35:49Z	seven	83fb0ef72419b46cf22dd1ce57885950574d69ef	would NOT pin 83fb0ef72419 — 3 red(s) the current pin does not have, 8 inherited from the current pin: size-canary#src:tools/size_canary.py, test-asm#src:test/test_asm_emit_x64.pas, test-core#src:test/test_warn_ignored_directives.pas
2026-08-30T13:50:07Z	seven	4d3f8a4eac0003b59ba5709482402cd4a0306032	would NOT pin 4d3f8a4eac00 — 3 red(s) the current pin does not have, 8 inherited from the current pin: size-canary#src:tools/size_canary.py, test-asm#src:test/test_asm_emit_x64.pas, test-core#src:test/test_warn_ignored_directives.pas
2026-08-30T14:03:42Z	seven	b695bcb4b19264847cedc6c01678d4e298d14cfb	would NOT pin b695bcb4b192 — 8 red(s) the current pin does not have, 8 inherited from the current pin: size-canary#src:tools/size_canary.py, test-asm#src:test/test_asm_emit_x64.pas, test-c-conformance-aarch64#shard0/6, test-c-conformance-aarch64#shard1/6, test-c-conformance-aarch64#shard2/6
2026-08-30T14:37:58Z	seven	ff0a06d75946bb6bd611c6f5bb8ea3f499b683b1	would NOT pin ff0a06d75946 — 3 red(s) the current pin does not have, 8 inherited from the current pin: size-canary#src:tools/size_canary.py, test-asm#src:test/test_asm_emit_x64.pas, test-core#src:test/test_warn_ignored_directives.pas
2026-08-30T15:11:36Z	seven	3f0efdb22044fe7463fccf4767f2959a2c744fce	would-pin PENDING 3f0efdb22044 — qualifies, streak 1/2
2026-08-30T15:24:00Z	seven	3f0ab4a02d7edd221724545e946e8210e1ee07cb	WOULD PIN 3f0ab4a02d7e — 11 red(s), none new, 11 inherited from the current pin, self-host clean, streak 2/2
2026-08-30T15:40:48Z	seven	5205546b6130dba8640c8ff221b20b4b40460b50	WOULD PIN 5205546b6130 — 10 red(s), none new, 10 inherited from the current pin, self-host clean, streak 3/2
2026-08-30T15:55:07Z	seven	a8947307fa98e01a12ef9a688e59b108fc8f506a	WOULD PIN a8947307fa98 — 10 red(s), none new, 10 inherited from the current pin, self-host clean, streak 4/2
2026-08-30T16:10:32Z	seven	719bef10ea68c09b3b5fac29989e24026e93c7fa	would NOT pin 719bef10ea68 — 1 red(s) the current pin does not have, 6 inherited from the current pin: test-fgl#src:compiler/.pascal26.fixedpoint
2026-08-30T16:35:48Z	seven	33a16b31caf384c788d20284b939b2f7f24a7a30	would NOT pin 33a16b31caf3 — 1 red(s) the current pin does not have, 6 inherited from the current pin: test-fgl#src:compiler/.pascal26.fixedpoint
2026-08-30T17:08:35Z	seven	7076e6ff8ad5bda6de65ba05821eb04f1b13e53a	would-pin PENDING 7076e6ff8ad5 — qualifies, streak 1/2
2026-08-30T17:21:13Z	seven	c1365463723689d7f16d7343c338817f1430f92e	WOULD PIN c13654637236 — 5 red(s), none new, 5 inherited from the current pin, self-host clean, streak 2/2
2026-08-30T17:33:23Z	seven	06034addd8cd5aa979be0927173bd7b2f1d98367	WOULD PIN 06034addd8cd — 5 red(s), none new, 5 inherited from the current pin, self-host clean, streak 3/2
2026-08-30T18:12:07Z	seven	fc9e258e1b713b1fc53cfa48d974989586b73525	WOULD PIN fc9e258e1b71 — 5 red(s), none new, 5 inherited from the current pin, self-host clean, streak 4/2
2026-08-30T18:39:13Z	seven	d24df3f09efbee3a00d3c49f06754bca1a183341	would NOT pin d24df3f09efb — 30 red(s) the current pin does not have, 5 inherited from the current pin: test-core#src:test/test_methodptr_nil_assign.pas, test-core#src:test/test_nil_argument_positions.pas, test-core#src:test/test_nilpy_infer_return.npy, test-core#src:test/test_nilpy_pathlib.npy, test-core#src:test/test_nilpy_str_ascii_cache.npy
2026-08-30T19:49:26Z	seven	7227f3e0f1f8343547d85f7fc3a32c2f440686dd	would NOT pin 7227f3e0f1f8 — 3 red(s) the current pin does not have, 4 inherited from the current pin: lib-test#src:tools/crtl_reachability.py, test-core#src:test/c_crtl_tempfile_and_unlocked.c, test-core#src:test/cstatic_same_module_dup.c
2026-08-30T20:30:12Z	seven	b4904151c9f0e20a37c8bcfb0f008685d7dfe53a	would NOT pin b4904151c9f0 — 3 red(s) the current pin does not have, 4 inherited from the current pin: lib-test#src:tools/crtl_reachability.py, test-core#src:test/c_crtl_tempfile_and_unlocked.c, test-core#src:test/cstatic_same_module_dup.c
2026-08-30T20:57:28Z	seven	ff07990984a02632f8380d21d54ac26311a715b9	would NOT pin ff07990984a0 — 2 red(s) the current pin does not have, 4 inherited from the current pin: lib-test#src:tools/crtl_reachability.py, test-core#src:test/test_pointer_to_a_named_fixed_array.pas
2026-08-30T21:23:46Z	seven	3efc7de719e93532b123c56f1946f80021351eca	would NOT pin 3efc7de719e9 — 1 red(s) the current pin does not have, 4 inherited from the current pin: lib-test#src:tools/crtl_reachability.py
2026-08-30T21:37:25Z	seven	55d915b369ac5a7e214da6e7abd62ffd6ce71b4e	would NOT pin 55d915b369ac — 1 red(s) the current pin does not have, 4 inherited from the current pin: lib-test#src:tools/crtl_reachability.py
2026-08-30T21:50:10Z	seven	c75090ab99bf636e60b5ae5783b8d549594bb894	would NOT pin c75090ab99bf — 1 red(s) the current pin does not have, 4 inherited from the current pin: lib-test#src:tools/crtl_reachability.py
2026-08-30T22:02:43Z	seven	3c530c3aa0d9f34eb3ed5fe8e6e41654ea522e24	would NOT pin 3c530c3aa0d9 — 1 red(s) the current pin does not have, 4 inherited from the current pin: lib-test#src:tools/crtl_reachability.py
2026-08-30T22:14:36Z	seven	4ca7c2678acde32fd946ba2269aab074e1691fd4	would NOT pin 4ca7c2678acd — 1 red(s) the current pin does not have, 4 inherited from the current pin: lib-test#src:tools/crtl_reachability.py
2026-08-30T22:29:44Z	seven	7acd2315e72cc52450d32e89343f4631013f79df	would NOT pin 7acd2315e72c — 1 red(s) the current pin does not have, 4 inherited from the current pin: lib-test#src:tools/crtl_reachability.py
